13:16:35 **** Build of project test_bluetooth_graphic_bsp ****
make -k all 
"Running Make include in microblaze_0/libsrc/bram_v4_2/src"
make -C microblaze_0/libsrc/bram_v4_2/src -s include  "SHELL=CMD" "COMPILER=mb-gcc" "ARCHIVER=mb-ar" "COMPILER_FLAGS=  -O2 -c -mcpu=v11.0 -mlittle-endian -mxl-soft-mul" "EXTRA_COMPILER_FLAGS=-ffunction-sections -fdata-sections -Wall -Wextra"
"Running Make include in microblaze_0/libsrc/cpu_v2_8/src"
make -C microblaze_0/libsrc/cpu_v2_8/src -s include  "SHELL=CMD" "COMPILER=mb-gcc" "ARCHIVER=mb-ar" "COMPILER_FLAGS=  -O2 -c -mcpu=v11.0 -mlittle-endian -mxl-soft-mul" "EXTRA_COMPILER_FLAGS=-ffunction-sections -fdata-sections -Wall -Wextra"
"Running Make include in microblaze_0/libsrc/intc_v3_8/src"
make -C microblaze_0/libsrc/intc_v3_8/src -s include  "SHELL=CMD" "COMPILER=mb-gcc" "ARCHIVER=mb-ar" "COMPILER_FLAGS=  -O2 -c -mcpu=v11.0 -mlittle-endian -mxl-soft-mul" "EXTRA_COMPILER_FLAGS=-ffunction-sections -fdata-sections -Wall -Wextra"
"Running Make include in microblaze_0/libsrc/standalone_v6_8/src"
make -C microblaze_0/libsrc/standalone_v6_8/src -s include  "SHELL=CMD" "COMPILER=mb-gcc" "ARCHIVER=mb-ar" "COMPILER_FLAGS=  -O2 -c -mcpu=v11.0 -mlittle-endian -mxl-soft-mul" "EXTRA_COMPILER_FLAGS=-ffunction-sections -fdata-sections -Wall -Wextra"
"Running Make include in microblaze_0/libsrc/uartlite_v3_2/src"
make -C microblaze_0/libsrc/uartlite_v3_2/src -s include  "SHELL=CMD" "COMPILER=mb-gcc" "ARCHIVER=mb-ar" "COMPILER_FLAGS=  -O2 -c -mcpu=v11.0 -mlittle-endian -mxl-soft-mul" "EXTRA_COMPILER_FLAGS=-ffunction-sections -fdata-sections -Wall -Wextra"
"Running Make libs in microblaze_0/libsrc/bram_v4_2/src"
make -C microblaze_0/libsrc/bram_v4_2/src -s libs  "SHELL=CMD" "COMPILER=mb-gcc" "ARCHIVER=mb-ar" "COMPILER_FLAGS=  -O2 -c -mcpu=v11.0 -mlittle-endian -mxl-soft-mul" "EXTRA_COMPILER_FLAGS=-ffunction-sections -fdata-sections -Wall -Wextra"
"Compiling bram"
mb-ar: creating ../../../lib/libxil.a
"Running Make libs in microblaze_0/libsrc/cpu_v2_8/src"
make -C microblaze_0/libsrc/cpu_v2_8/src -s libs  "SHELL=CMD" "COMPILER=mb-gcc" "ARCHIVER=mb-ar" "COMPILER_FLAGS=  -O2 -c -mcpu=v11.0 -mlittle-endian -mxl-soft-mul" "EXTRA_COMPILER_FLAGS=-ffunction-sections -fdata-sections -Wall -Wextra"
"Compiling cpu"
"Running Make libs in microblaze_0/libsrc/intc_v3_8/src"
make -C microblaze_0/libsrc/intc_v3_8/src -s libs  "SHELL=CMD" "COMPILER=mb-gcc" "ARCHIVER=mb-ar" "COMPILER_FLAGS=  -O2 -c -mcpu=v11.0 -mlittle-endian -mxl-soft-mul" "EXTRA_COMPILER_FLAGS=-ffunction-sections -fdata-sections -Wall -Wextra"
"Compiling intc"
"Running Make libs in microblaze_0/libsrc/standalone_v6_8/src"
make -C microblaze_0/libsrc/standalone_v6_8/src -s libs  "SHELL=CMD" "COMPILER=mb-gcc" "ARCHIVER=mb-ar" "COMPILER_FLAGS=  -O2 -c -mcpu=v11.0 -mlittle-endian -mxl-soft-mul" "EXTRA_COMPILER_FLAGS=-ffunction-sections -fdata-sections -Wall -Wextra"
"Compiling standalone";
microblaze_sleep.c:77:9: note: #pragma message: For the sleep routines, assembly instructions are used
 #pragma message ("For the sleep routines, assembly instructions are used")
         ^~~~~~~
"Running Make libs in microblaze_0/libsrc/uartlite_v3_2/src"
make -C microblaze_0/libsrc/uartlite_v3_2/src -s libs  "SHELL=CMD" "COMPILER=mb-gcc" "ARCHIVER=mb-ar" "COMPILER_FLAGS=  -O2 -c -mcpu=v11.0 -mlittle-endian -mxl-soft-mul" "EXTRA_COMPILER_FLAGS=-ffunction-sections -fdata-sections -Wall -Wextra"
"Compiling uartlite"
'Finished building libraries'
13:16:40 **** Build of configuration Debug for project test_bluetooth_graphic ****
make all 
'Building file: ../src/helloworld.c'
'Invoking: MicroBlaze gcc compiler'
mb-gcc -Wall -O0 -g3 -c -fmessage-length=0 -MT"src/helloworld.o" -I../../test_bluetooth_graphic_bsp/microblaze_0/include -mlittle-endian -mcpu=v11.0 -mxl-soft-mul -Wl,--no-relax -ffunction-sections -fdata-sections -MMD -MP -MF"src/helloworld.d" -MT"src/helloworld.o" -o "src/helloworld.o" "../src/helloworld.c"
'Finished building: ../src/helloworld.c'
' '
'Building file: ../src/platform.c'
'Invoking: MicroBlaze gcc compiler'
mb-gcc -Wall -O0 -g3 -c -fmessage-length=0 -MT"src/platform.o" -I../../test_bluetooth_graphic_bsp/microblaze_0/include -mlittle-endian -mcpu=v11.0 -mxl-soft-mul -Wl,--no-relax -ffunction-sections -fdata-sections -MMD -MP -MF"src/platform.d" -MT"src/platform.o" -o "src/platform.o" "../src/platform.c"
'Finished building: ../src/platform.c'
' '
'Building target: test_bluetooth_graphic.elf'
'Invoking: MicroBlaze gcc linker'
mb-gcc -Wl,-T -Wl,../src/lscript.ld -L../../test_bluetooth_graphic_bsp/microblaze_0/lib -mlittle-endian -mcpu=v11.0 -mxl-soft-mul -Wl,--no-relax -Wl,--gc-sections -o "test_bluetooth_graphic.elf"  ./src/helloworld.o ./src/platform.o   -Wl,--start-group,-lxil,-lgcc,-lc,--end-group
'Finished building target: test_bluetooth_graphic.elf'
' '
'Invoking: MicroBlaze Print Size'
mb-size test_bluetooth_graphic.elf  |tee "test_bluetooth_graphic.elf.size"
   text	   data	    bss	    dec	    hex	filename
   3140	    320	   3108	   6568	   19a8	test_bluetooth_graphic.elf
'Finished building: test_bluetooth_graphic.elf.size'
' '
13:20:12 **** Auto Build of configuration Debug for project test_bluetooth_graphic ****
make all 
'Building file: ../src/helloworld.c'
'Invoking: MicroBlaze gcc compiler'
mb-gcc -Wall -O0 -g3 -c -fmessage-length=0 -MT"src/helloworld.o" -I../../test_bluetooth_graphic_bsp/microblaze_0/include -mlittle-endian -mcpu=v11.0 -mxl-soft-mul -Wl,--no-relax -ffunction-sections -fdata-sections -MMD -MP -MF"src/helloworld.d" -MT"src/helloworld.o" -o "src/helloworld.o" "../src/helloworld.c"
'Finished building: ../src/helloworld.c'
' '
'Building target: test_bluetooth_graphic.elf'
'Invoking: MicroBlaze gcc linker'
mb-gcc -Wl,-T -Wl,../src/lscript.ld -L../../test_bluetooth_graphic_bsp/microblaze_0/lib -mlittle-endian -mcpu=v11.0 -mxl-soft-mul -Wl,--no-relax -Wl,--gc-sections -o "test_bluetooth_graphic.elf"  ./src/helloworld.o ./src/platform.o   -Wl,--start-group,-lxil,-lgcc,-lc,--end-group
'Finished building target: test_bluetooth_graphic.elf'
' '
'Invoking: MicroBlaze Print Size'
mb-size test_bluetooth_graphic.elf  |tee "test_bluetooth_graphic.elf.size"
   text	   data	    bss	    dec	    hex	filename
   6416	    324	   3108	   9848	   2678	test_bluetooth_graphic.elf
'Finished building: test_bluetooth_graphic.elf.size'
' '
13:20:14 **** Incremental Build of configuration Debug for project test_bluetooth_graphic ****
make all 
make: Nothing to be done for 'all'.
13:22:20 **** Auto Build of configuration Debug for project test_bluetooth_graphic ****
make all 
'Building file: ../src/helloworld.c'
'Invoking: MicroBlaze gcc compiler'
mb-gcc -Wall -O0 -g3 -c -fmessage-length=0 -MT"src/helloworld.o" -I../../test_bluetooth_graphic_bsp/microblaze_0/include -mlittle-endian -mcpu=v11.0 -mxl-soft-mul -Wl,--no-relax -ffunction-sections -fdata-sections -MMD -MP -MF"src/helloworld.d" -MT"src/helloworld.o" -o "src/helloworld.o" "../src/helloworld.c"
'Finished building: ../src/helloworld.c'
' '
'Building target: test_bluetooth_graphic.elf'
'Invoking: MicroBlaze gcc linker'
mb-gcc -Wl,-T -Wl,../src/lscript.ld -L../../test_bluetooth_graphic_bsp/microblaze_0/lib -mlittle-endian -mcpu=v11.0 -mxl-soft-mul -Wl,--no-relax -Wl,--gc-sections -o "test_bluetooth_graphic.elf"  ./src/helloworld.o ./src/platform.o   -Wl,--start-group,-lxil,-lgcc,-lc,--end-group
'Finished building target: test_bluetooth_graphic.elf'
' '
'Invoking: MicroBlaze Print Size'
mb-size test_bluetooth_graphic.elf  |tee "test_bluetooth_graphic.elf.size"
   text	   data	    bss	    dec	    hex	filename
   6416	    324	   3108	   9848	   2678	test_bluetooth_graphic.elf
'Finished building: test_bluetooth_graphic.elf.size'
' '
01:55:18 **** Auto Build of configuration Debug for project test_bluetooth_graphic ****
make all 
'Building file: ../src/helloworld.c'
'Invoking: MicroBlaze gcc compiler'
mb-gcc -Wall -O0 -g3 -c -fmessage-length=0 -MT"src/helloworld.o" -I../../test_bluetooth_graphic_bsp/microblaze_0/include -mlittle-endian -mcpu=v11.0 -mxl-soft-mul -Wl,--no-relax -ffunction-sections -fdata-sections -MMD -MP -MF"src/helloworld.d" -MT"src/helloworld.o" -o "src/helloworld.o" "../src/helloworld.c"
'Finished building: ../src/helloworld.c'
' '
'Building target: test_bluetooth_graphic.elf'
'Invoking: MicroBlaze gcc linker'
mb-gcc -Wl,-T -Wl,../src/lscript.ld -L../../test_bluetooth_graphic_bsp/microblaze_0/lib -mlittle-endian -mcpu=v11.0 -mxl-soft-mul -Wl,--no-relax -Wl,--gc-sections -o "test_bluetooth_graphic.elf"  ./src/helloworld.o ./src/platform.o   -Wl,--start-group,-lxil,-lgcc,-lc,--end-group
'Finished building target: test_bluetooth_graphic.elf'
' '
'Invoking: MicroBlaze Print Size'
mb-size test_bluetooth_graphic.elf  |tee "test_bluetooth_graphic.elf.size"
   text	   data	    bss	    dec	    hex	filename
   6416	    324	   3108	   9848	   2678	test_bluetooth_graphic.elf
'Finished building: test_bluetooth_graphic.elf.size'
' '
01:55:20 **** Auto Build of configuration Debug for project test_bluetooth_graphic ****
make all 
'Building file: ../src/helloworld.c'
'Invoking: MicroBlaze gcc compiler'
mb-gcc -Wall -O0 -g3 -c -fmessage-length=0 -MT"src/helloworld.o" -I../../test_bluetooth_graphic_bsp/microblaze_0/include -mlittle-endian -mcpu=v11.0 -mxl-soft-mul -Wl,--no-relax -ffunction-sections -fdata-sections -MMD -MP -MF"src/helloworld.d" -MT"src/helloworld.o" -o "src/helloworld.o" "../src/helloworld.c"
'Finished building: ../src/helloworld.c'
' '
'Building target: test_bluetooth_graphic.elf'
'Invoking: MicroBlaze gcc linker'
mb-gcc -Wl,-T -Wl,../src/lscript.ld -L../../test_bluetooth_graphic_bsp/microblaze_0/lib -mlittle-endian -mcpu=v11.0 -mxl-soft-mul -Wl,--no-relax -Wl,--gc-sections -o "test_bluetooth_graphic.elf"  ./src/helloworld.o ./src/platform.o   -Wl,--start-group,-lxil,-lgcc,-lc,--end-group
'Finished building target: test_bluetooth_graphic.elf'
' '
'Invoking: MicroBlaze Print Size'
mb-size test_bluetooth_graphic.elf  |tee "test_bluetooth_graphic.elf.size"
   text	   data	    bss	    dec	    hex	filename
   6416	    324	   3108	   9848	   2678	test_bluetooth_graphic.elf
'Finished building: test_bluetooth_graphic.elf.size'
' '
01:56:16 **** Auto Build of configuration Debug for project test_bluetooth_graphic ****
make all 
'Building file: ../src/helloworld.c'
'Invoking: MicroBlaze gcc compiler'
mb-gcc -Wall -O0 -g3 -c -fmessage-length=0 -MT"src/helloworld.o" -I../../test_bluetooth_graphic_bsp/microblaze_0/include -mlittle-endian -mcpu=v11.0 -mxl-soft-mul -Wl,--no-relax -ffunction-sections -fdata-sections -MMD -MP -MF"src/helloworld.d" -MT"src/helloworld.o" -o "src/helloworld.o" "../src/helloworld.c"
../src/helloworld.c:52:20: warning: initialization makes pointer from integer without a cast [-Wint-conversion]
 #define FRAME_BASE 0xC0000000
                    ^
../src/helloworld.c:54:13: note: in expansion of macro 'FRAME_BASE'
 u8 * test = FRAME_BASE;
             ^~~~~~~~~~
../src/helloworld.c: In function 'main':
../src/helloworld.c:64:6: warning: statement with no effect [-Wunused-value]
      0xC0000000
      ^~~~~~~~~~
../src/helloworld.c:65:5: error: expected ';' before '}' token
     }
     ^
make: *** [src/subdir.mk:26: src/helloworld.o] Error 1
01:56:26 **** Auto Build of configuration Debug for project test_bluetooth_graphic ****
make all 
'Building file: ../src/helloworld.c'
'Invoking: MicroBlaze gcc compiler'
mb-gcc -Wall -O0 -g3 -c -fmessage-length=0 -MT"src/helloworld.o" -I../../test_bluetooth_graphic_bsp/microblaze_0/include -mlittle-endian -mcpu=v11.0 -mxl-soft-mul -Wl,--no-relax -ffunction-sections -fdata-sections -MMD -MP -MF"src/helloworld.d" -MT"src/helloworld.o" -o "src/helloworld.o" "../src/helloworld.c"
../src/helloworld.c:52:20: warning: initialization makes pointer from integer without a cast [-Wint-conversion]
 #define FRAME_BASE 0xC0000000
                    ^
../src/helloworld.c:55:13: note: in expansion of macro 'FRAME_BASE'
 u8 * test = FRAME_BASE;
             ^~~~~~~~~~
../src/helloworld.c: In function 'main':
../src/helloworld.c:65:6: warning: statement with no effect [-Wunused-value]
      0xC0000000
      ^~~~~~~~~~
../src/helloworld.c:66:5: error: expected ';' before '}' token
     }
     ^
make: *** [src/subdir.mk:26: src/helloworld.o] Error 1
01:56:35 **** Auto Build of configuration Debug for project test_bluetooth_graphic ****
make all 
'Building file: ../src/helloworld.c'
'Invoking: MicroBlaze gcc compiler'
mb-gcc -Wall -O0 -g3 -c -fmessage-length=0 -MT"src/helloworld.o" -I../../test_bluetooth_graphic_bsp/microblaze_0/include -mlittle-endian -mcpu=v11.0 -mxl-soft-mul -Wl,--no-relax -ffunction-sections -fdata-sections -MMD -MP -MF"src/helloworld.d" -MT"src/helloworld.o" -o "src/helloworld.o" "../src/helloworld.c"
../src/helloworld.c: In function 'main':
../src/helloworld.c:65:6: warning: statement with no effect [-Wunused-value]
      0xC0000000
      ^~~~~~~~~~
../src/helloworld.c:66:5: error: expected ';' before '}' token
     }
     ^
make: *** [src/subdir.mk:26: src/helloworld.o] Error 1
01:57:07 **** Auto Build of configuration Debug for project test_bluetooth_graphic ****
make all 
'Building file: ../src/helloworld.c'
'Invoking: MicroBlaze gcc compiler'
mb-gcc -Wall -O0 -g3 -c -fmessage-length=0 -MT"src/helloworld.o" -I../../test_bluetooth_graphic_bsp/microblaze_0/include -mlittle-endian -mcpu=v11.0 -mxl-soft-mul -Wl,--no-relax -ffunction-sections -fdata-sections -MMD -MP -MF"src/helloworld.d" -MT"src/helloworld.o" -o "src/helloworld.o" "../src/helloworld.c"
'Finished building: ../src/helloworld.c'
' '
'Building target: test_bluetooth_graphic.elf'
'Invoking: MicroBlaze gcc linker'
mb-gcc -Wl,-T -Wl,../src/lscript.ld -L../../test_bluetooth_graphic_bsp/microblaze_0/lib -mlittle-endian -mcpu=v11.0 -mxl-soft-mul -Wl,--no-relax -Wl,--gc-sections -o "test_bluetooth_graphic.elf"  ./src/helloworld.o ./src/platform.o   -Wl,--start-group,-lxil,-lgcc,-lc,--end-group
'Finished building target: test_bluetooth_graphic.elf'
' '
'Invoking: MicroBlaze Print Size'
mb-size test_bluetooth_graphic.elf  |tee "test_bluetooth_graphic.elf.size"
   text	   data	    bss	    dec	    hex	filename
   6084	    328	   3108	   9520	   2530	test_bluetooth_graphic.elf
'Finished building: test_bluetooth_graphic.elf.size'
' '
01:58:05 **** Auto Build of configuration Debug for project test_bluetooth_graphic ****
make all 
'Building file: ../src/helloworld.c'
'Invoking: MicroBlaze gcc compiler'
mb-gcc -Wall -O0 -g3 -c -fmessage-length=0 -MT"src/helloworld.o" -I../../test_bluetooth_graphic_bsp/microblaze_0/include -mlittle-endian -mcpu=v11.0 -mxl-soft-mul -Wl,--no-relax -ffunction-sections -fdata-sections -MMD -MP -MF"src/helloworld.d" -MT"src/helloworld.o" -o "src/helloworld.o" "../src/helloworld.c"
'Finished building: ../src/helloworld.c'
' '
'Building target: test_bluetooth_graphic.elf'
'Invoking: MicroBlaze gcc linker'
mb-gcc -Wl,-T -Wl,../src/lscript.ld -L../../test_bluetooth_graphic_bsp/microblaze_0/lib -mlittle-endian -mcpu=v11.0 -mxl-soft-mul -Wl,--no-relax -Wl,--gc-sections -o "test_bluetooth_graphic.elf"  ./src/helloworld.o ./src/platform.o   -Wl,--start-group,-lxil,-lgcc,-lc,--end-group
'Finished building target: test_bluetooth_graphic.elf'
' '
'Invoking: MicroBlaze Print Size'
mb-size test_bluetooth_graphic.elf  |tee "test_bluetooth_graphic.elf.size"
   text	   data	    bss	    dec	    hex	filename
   6120	    328	   3104	   9552	   2550	test_bluetooth_graphic.elf
'Finished building: test_bluetooth_graphic.elf.size'
' '
01:58:23 **** Auto Build of configuration Debug for project test_bluetooth_graphic ****
make all 
'Building file: ../src/helloworld.c'
'Invoking: MicroBlaze gcc compiler'
mb-gcc -Wall -O0 -g3 -c -fmessage-length=0 -MT"src/helloworld.o" -I../../test_bluetooth_graphic_bsp/microblaze_0/include -mlittle-endian -mcpu=v11.0 -mxl-soft-mul -Wl,--no-relax -ffunction-sections -fdata-sections -MMD -MP -MF"src/helloworld.d" -MT"src/helloworld.o" -o "src/helloworld.o" "../src/helloworld.c"
'Finished building: ../src/helloworld.c'
' '
'Building target: test_bluetooth_graphic.elf'
'Invoking: MicroBlaze gcc linker'
mb-gcc -Wl,-T -Wl,../src/lscript.ld -L../../test_bluetooth_graphic_bsp/microblaze_0/lib -mlittle-endian -mcpu=v11.0 -mxl-soft-mul -Wl,--no-relax -Wl,--gc-sections -o "test_bluetooth_graphic.elf"  ./src/helloworld.o ./src/platform.o   -Wl,--start-group,-lxil,-lgcc,-lc,--end-group
'Finished building target: test_bluetooth_graphic.elf'
' '
'Invoking: MicroBlaze Print Size'
mb-size test_bluetooth_graphic.elf  |tee "test_bluetooth_graphic.elf.size"
   text	   data	    bss	    dec	    hex	filename
   6120	    328	   3104	   9552	   2550	test_bluetooth_graphic.elf
'Finished building: test_bluetooth_graphic.elf.size'
' '
01:58:26 **** Auto Build of configuration Debug for project test_bluetooth_graphic ****
make all 
'Building file: ../src/helloworld.c'
'Invoking: MicroBlaze gcc compiler'
mb-gcc -Wall -O0 -g3 -c -fmessage-length=0 -MT"src/helloworld.o" -I../../test_bluetooth_graphic_bsp/microblaze_0/include -mlittle-endian -mcpu=v11.0 -mxl-soft-mul -Wl,--no-relax -ffunction-sections -fdata-sections -MMD -MP -MF"src/helloworld.d" -MT"src/helloworld.o" -o "src/helloworld.o" "../src/helloworld.c"
'Finished building: ../src/helloworld.c'
' '
'Building target: test_bluetooth_graphic.elf'
'Invoking: MicroBlaze gcc linker'
mb-gcc -Wl,-T -Wl,../src/lscript.ld -L../../test_bluetooth_graphic_bsp/microblaze_0/lib -mlittle-endian -mcpu=v11.0 -mxl-soft-mul -Wl,--no-relax -Wl,--gc-sections -o "test_bluetooth_graphic.elf"  ./src/helloworld.o ./src/platform.o   -Wl,--start-group,-lxil,-lgcc,-lc,--end-group
'Finished building target: test_bluetooth_graphic.elf'
' '
'Invoking: MicroBlaze Print Size'
mb-size test_bluetooth_graphic.elf  |tee "test_bluetooth_graphic.elf.size"
   text	   data	    bss	    dec	    hex	filename
   6120	    328	   3104	   9552	   2550	test_bluetooth_graphic.elf
'Finished building: test_bluetooth_graphic.elf.size'
' '
01:58:32 **** Auto Build of configuration Debug for project test_bluetooth_graphic ****
make all 
'Building file: ../src/helloworld.c'
'Invoking: MicroBlaze gcc compiler'
mb-gcc -Wall -O0 -g3 -c -fmessage-length=0 -MT"src/helloworld.o" -I../../test_bluetooth_graphic_bsp/microblaze_0/include -mlittle-endian -mcpu=v11.0 -mxl-soft-mul -Wl,--no-relax -ffunction-sections -fdata-sections -MMD -MP -MF"src/helloworld.d" -MT"src/helloworld.o" -o "src/helloworld.o" "../src/helloworld.c"
'Finished building: ../src/helloworld.c'
' '
'Building target: test_bluetooth_graphic.elf'
'Invoking: MicroBlaze gcc linker'
mb-gcc -Wl,-T -Wl,../src/lscript.ld -L../../test_bluetooth_graphic_bsp/microblaze_0/lib -mlittle-endian -mcpu=v11.0 -mxl-soft-mul -Wl,--no-relax -Wl,--gc-sections -o "test_bluetooth_graphic.elf"  ./src/helloworld.o ./src/platform.o   -Wl,--start-group,-lxil,-lgcc,-lc,--end-group
'Finished building target: test_bluetooth_graphic.elf'
' '
'Invoking: MicroBlaze Print Size'
mb-size test_bluetooth_graphic.elf  |tee "test_bluetooth_graphic.elf.size"
   text	   data	    bss	    dec	    hex	filename
   6140	    328	   3116	   9584	   2570	test_bluetooth_graphic.elf
'Finished building: test_bluetooth_graphic.elf.size'
' '
02:01:01 **** Incremental Build of configuration Debug for project test_bluetooth_graphic ****
make all 
make: Nothing to be done for 'all'.
02:01:28 **** Auto Build of configuration Debug for project test_bluetooth_graphic ****
make all 
'Building file: ../src/helloworld.c'
'Invoking: MicroBlaze gcc compiler'
mb-gcc -Wall -O0 -g3 -c -fmessage-length=0 -MT"src/helloworld.o" -I../../test_bluetooth_graphic_bsp/microblaze_0/include -mlittle-endian -mcpu=v11.0 -mxl-soft-mul -Wl,--no-relax -ffunction-sections -fdata-sections -MMD -MP -MF"src/helloworld.d" -MT"src/helloworld.o" -o "src/helloworld.o" "../src/helloworld.c"
'Finished building: ../src/helloworld.c'
' '
'Building target: test_bluetooth_graphic.elf'
'Invoking: MicroBlaze gcc linker'
mb-gcc -Wl,-T -Wl,../src/lscript.ld -L../../test_bluetooth_graphic_bsp/microblaze_0/lib -mlittle-endian -mcpu=v11.0 -mxl-soft-mul -Wl,--no-relax -Wl,--gc-sections -o "test_bluetooth_graphic.elf"  ./src/helloworld.o ./src/platform.o   -Wl,--start-group,-lxil,-lgcc,-lc,--end-group
'Finished building target: test_bluetooth_graphic.elf'
' '
'Invoking: MicroBlaze Print Size'
mb-size test_bluetooth_graphic.elf  |tee "test_bluetooth_graphic.elf.size"
   text	   data	    bss	    dec	    hex	filename
   6144	    328	   3112	   9584	   2570	test_bluetooth_graphic.elf
'Finished building: test_bluetooth_graphic.elf.size'
' '
02:01:34 **** Incremental Build of configuration Debug for project test_bluetooth_graphic ****
make all 
make: Nothing to be done for 'all'.
02:01:50 **** Auto Build of configuration Debug for project test_bluetooth_graphic ****
make all 
'Building file: ../src/helloworld.c'
'Invoking: MicroBlaze gcc compiler'
mb-gcc -Wall -O0 -g3 -c -fmessage-length=0 -MT"src/helloworld.o" -I../../test_bluetooth_graphic_bsp/microblaze_0/include -mlittle-endian -mcpu=v11.0 -mxl-soft-mul -Wl,--no-relax -ffunction-sections -fdata-sections -MMD -MP -MF"src/helloworld.d" -MT"src/helloworld.o" -o "src/helloworld.o" "../src/helloworld.c"
'Finished building: ../src/helloworld.c'
' '
'Building target: test_bluetooth_graphic.elf'
'Invoking: MicroBlaze gcc linker'
mb-gcc -Wl,-T -Wl,../src/lscript.ld -L../../test_bluetooth_graphic_bsp/microblaze_0/lib -mlittle-endian -mcpu=v11.0 -mxl-soft-mul -Wl,--no-relax -Wl,--gc-sections -o "test_bluetooth_graphic.elf"  ./src/helloworld.o ./src/platform.o   -Wl,--start-group,-lxil,-lgcc,-lc,--end-group
'Finished building target: test_bluetooth_graphic.elf'
' '
'Invoking: MicroBlaze Print Size'
mb-size test_bluetooth_graphic.elf  |tee "test_bluetooth_graphic.elf.size"
   text	   data	    bss	    dec	    hex	filename
   6144	    328	   3112	   9584	   2570	test_bluetooth_graphic.elf
'Finished building: test_bluetooth_graphic.elf.size'
' '
02:01:55 **** Incremental Build of configuration Debug for project test_bluetooth_graphic ****
make all 
make: Nothing to be done for 'all'.
02:02:21 **** Auto Build of configuration Debug for project test_bluetooth_graphic ****
make all 
'Building file: ../src/helloworld.c'
'Invoking: MicroBlaze gcc compiler'
mb-gcc -Wall -O0 -g3 -c -fmessage-length=0 -MT"src/helloworld.o" -I../../test_bluetooth_graphic_bsp/microblaze_0/include -mlittle-endian -mcpu=v11.0 -mxl-soft-mul -Wl,--no-relax -ffunction-sections -fdata-sections -MMD -MP -MF"src/helloworld.d" -MT"src/helloworld.o" -o "src/helloworld.o" "../src/helloworld.c"
'Finished building: ../src/helloworld.c'
' '
'Building target: test_bluetooth_graphic.elf'
'Invoking: MicroBlaze gcc linker'
mb-gcc -Wl,-T -Wl,../src/lscript.ld -L../../test_bluetooth_graphic_bsp/microblaze_0/lib -mlittle-endian -mcpu=v11.0 -mxl-soft-mul -Wl,--no-relax -Wl,--gc-sections -o "test_bluetooth_graphic.elf"  ./src/helloworld.o ./src/platform.o   -Wl,--start-group,-lxil,-lgcc,-lc,--end-group
'Finished building target: test_bluetooth_graphic.elf'
' '
'Invoking: MicroBlaze Print Size'
mb-size test_bluetooth_graphic.elf  |tee "test_bluetooth_graphic.elf.size"
   text	   data	    bss	    dec	    hex	filename
   6144	    328	   3112	   9584	   2570	test_bluetooth_graphic.elf
'Finished building: test_bluetooth_graphic.elf.size'
' '
02:02:26 **** Incremental Build of configuration Debug for project test_bluetooth_graphic ****
make all 
make: Nothing to be done for 'all'.
02:02:38 **** Auto Build of configuration Debug for project test_bluetooth_graphic ****
make all 
'Building file: ../src/helloworld.c'
'Invoking: MicroBlaze gcc compiler'
mb-gcc -Wall -O0 -g3 -c -fmessage-length=0 -MT"src/helloworld.o" -I../../test_bluetooth_graphic_bsp/microblaze_0/include -mlittle-endian -mcpu=v11.0 -mxl-soft-mul -Wl,--no-relax -ffunction-sections -fdata-sections -MMD -MP -MF"src/helloworld.d" -MT"src/helloworld.o" -o "src/helloworld.o" "../src/helloworld.c"
'Finished building: ../src/helloworld.c'
' '
'Building target: test_bluetooth_graphic.elf'
'Invoking: MicroBlaze gcc linker'
mb-gcc -Wl,-T -Wl,../src/lscript.ld -L../../test_bluetooth_graphic_bsp/microblaze_0/lib -mlittle-endian -mcpu=v11.0 -mxl-soft-mul -Wl,--no-relax -Wl,--gc-sections -o "test_bluetooth_graphic.elf"  ./src/helloworld.o ./src/platform.o   -Wl,--start-group,-lxil,-lgcc,-lc,--end-group
'Finished building target: test_bluetooth_graphic.elf'
' '
'Invoking: MicroBlaze Print Size'
mb-size test_bluetooth_graphic.elf  |tee "test_bluetooth_graphic.elf.size"
   text	   data	    bss	    dec	    hex	filename
   6144	    328	   3112	   9584	   2570	test_bluetooth_graphic.elf
'Finished building: test_bluetooth_graphic.elf.size'
' '
02:02:41 **** Incremental Build of configuration Debug for project test_bluetooth_graphic ****
make all 
make: Nothing to be done for 'all'.
02:02:54 **** Auto Build of configuration Debug for project test_bluetooth_graphic ****
make all 
'Building file: ../src/helloworld.c'
'Invoking: MicroBlaze gcc compiler'
mb-gcc -Wall -O0 -g3 -c -fmessage-length=0 -MT"src/helloworld.o" -I../../test_bluetooth_graphic_bsp/microblaze_0/include -mlittle-endian -mcpu=v11.0 -mxl-soft-mul -Wl,--no-relax -ffunction-sections -fdata-sections -MMD -MP -MF"src/helloworld.d" -MT"src/helloworld.o" -o "src/helloworld.o" "../src/helloworld.c"
'Finished building: ../src/helloworld.c'
' '
'Building target: test_bluetooth_graphic.elf'
'Invoking: MicroBlaze gcc linker'
mb-gcc -Wl,-T -Wl,../src/lscript.ld -L../../test_bluetooth_graphic_bsp/microblaze_0/lib -mlittle-endian -mcpu=v11.0 -mxl-soft-mul -Wl,--no-relax -Wl,--gc-sections -o "test_bluetooth_graphic.elf"  ./src/helloworld.o ./src/platform.o   -Wl,--start-group,-lxil,-lgcc,-lc,--end-group
'Finished building target: test_bluetooth_graphic.elf'
' '
'Invoking: MicroBlaze Print Size'
mb-size test_bluetooth_graphic.elf  |tee "test_bluetooth_graphic.elf.size"
   text	   data	    bss	    dec	    hex	filename
   6156	    328	   3116	   9600	   2580	test_bluetooth_graphic.elf
'Finished building: test_bluetooth_graphic.elf.size'
' '
02:02:58 **** Incremental Build of configuration Debug for project test_bluetooth_graphic ****
make all 
make: Nothing to be done for 'all'.
02:03:50 **** Auto Build of configuration Debug for project test_bluetooth_graphic ****
make all 
'Building file: ../src/helloworld.c'
'Invoking: MicroBlaze gcc compiler'
mb-gcc -Wall -O0 -g3 -c -fmessage-length=0 -MT"src/helloworld.o" -I../../test_bluetooth_graphic_bsp/microblaze_0/include -mlittle-endian -mcpu=v11.0 -mxl-soft-mul -Wl,--no-relax -ffunction-sections -fdata-sections -MMD -MP -MF"src/helloworld.d" -MT"src/helloworld.o" -o "src/helloworld.o" "../src/helloworld.c"
../src/helloworld.c: In function 'main':
../src/helloworld.c:64:25: error: expected expression before ')' token
     for (int i = 0; i < )
                         ^
make: *** [src/subdir.mk:26: src/helloworld.o] Error 1
02:03:59 **** Auto Build of configuration Debug for project test_bluetooth_graphic ****
make all 
'Building file: ../src/helloworld.c'
'Invoking: MicroBlaze gcc compiler'
mb-gcc -Wall -O0 -g3 -c -fmessage-length=0 -MT"src/helloworld.o" -I../../test_bluetooth_graphic_bsp/microblaze_0/include -mlittle-endian -mcpu=v11.0 -mxl-soft-mul -Wl,--no-relax -ffunction-sections -fdata-sections -MMD -MP -MF"src/helloworld.d" -MT"src/helloworld.o" -o "src/helloworld.o" "../src/helloworld.c"
'Finished building: ../src/helloworld.c'
' '
'Building target: test_bluetooth_graphic.elf'
'Invoking: MicroBlaze gcc linker'
mb-gcc -Wl,-T -Wl,../src/lscript.ld -L../../test_bluetooth_graphic_bsp/microblaze_0/lib -mlittle-endian -mcpu=v11.0 -mxl-soft-mul -Wl,--no-relax -Wl,--gc-sections -o "test_bluetooth_graphic.elf"  ./src/helloworld.o ./src/platform.o   -Wl,--start-group,-lxil,-lgcc,-lc,--end-group
'Finished building target: test_bluetooth_graphic.elf'
' '
'Invoking: MicroBlaze Print Size'
mb-size test_bluetooth_graphic.elf  |tee "test_bluetooth_graphic.elf.size"
   text	   data	    bss	    dec	    hex	filename
   6456	    324	   3108	   9888	   26a0	test_bluetooth_graphic.elf
'Finished building: test_bluetooth_graphic.elf.size'
' '
02:04:27 **** Auto Build of configuration Debug for project test_bluetooth_graphic ****
make all 
'Building file: ../src/helloworld.c'
'Invoking: MicroBlaze gcc compiler'
mb-gcc -Wall -O0 -g3 -c -fmessage-length=0 -MT"src/helloworld.o" -I../../test_bluetooth_graphic_bsp/microblaze_0/include -mlittle-endian -mcpu=v11.0 -mxl-soft-mul -Wl,--no-relax -ffunction-sections -fdata-sections -MMD -MP -MF"src/helloworld.d" -MT"src/helloworld.o" -o "src/helloworld.o" "../src/helloworld.c"
../src/helloworld.c:55:14: warning: initialization from incompatible pointer type [-Wincompatible-pointer-types]
 u16 * test = (u8*)FRAME_BASE;
              ^
../src/helloworld.c: In function 'main':
../src/helloworld.c:66:5: error: expected ';' before '}' token
     }
     ^
make: *** [src/subdir.mk:26: src/helloworld.o] Error 1
02:04:34 **** Auto Build of configuration Debug for project test_bluetooth_graphic ****
make all 
'Building file: ../src/helloworld.c'
'Invoking: MicroBlaze gcc compiler'
mb-gcc -Wall -O0 -g3 -c -fmessage-length=0 -MT"src/helloworld.o" -I../../test_bluetooth_graphic_bsp/microblaze_0/include -mlittle-endian -mcpu=v11.0 -mxl-soft-mul -Wl,--no-relax -ffunction-sections -fdata-sections -MMD -MP -MF"src/helloworld.d" -MT"src/helloworld.o" -o "src/helloworld.o" "../src/helloworld.c"
../src/helloworld.c:55:14: warning: initialization from incompatible pointer type [-Wincompatible-pointer-types]
 u16 * test = (u8*)FRAME_BASE;
              ^
'Finished building: ../src/helloworld.c'
' '
'Building target: test_bluetooth_graphic.elf'
'Invoking: MicroBlaze gcc linker'
mb-gcc -Wl,-T -Wl,../src/lscript.ld -L../../test_bluetooth_graphic_bsp/microblaze_0/lib -mlittle-endian -mcpu=v11.0 -mxl-soft-mul -Wl,--no-relax -Wl,--gc-sections -o "test_bluetooth_graphic.elf"  ./src/helloworld.o ./src/platform.o   -Wl,--start-group,-lxil,-lgcc,-lc,--end-group
'Finished building target: test_bluetooth_graphic.elf'
' '
'Invoking: MicroBlaze Print Size'
mb-size test_bluetooth_graphic.elf  |tee "test_bluetooth_graphic.elf.size"
   text	   data	    bss	    dec	    hex	filename
   6416	    324	   3108	   9848	   2678	test_bluetooth_graphic.elf
'Finished building: test_bluetooth_graphic.elf.size'
' '
02:04:59 **** Auto Build of configuration Debug for project test_bluetooth_graphic ****
make all 
'Building file: ../src/helloworld.c'
'Invoking: MicroBlaze gcc compiler'
mb-gcc -Wall -O0 -g3 -c -fmessage-length=0 -MT"src/helloworld.o" -I../../test_bluetooth_graphic_bsp/microblaze_0/include -mlittle-endian -mcpu=v11.0 -mxl-soft-mul -Wl,--no-relax -ffunction-sections -fdata-sections -MMD -MP -MF"src/helloworld.d" -MT"src/helloworld.o" -o "src/helloworld.o" "../src/helloworld.c"
../src/helloworld.c: In function 'main':
../src/helloworld.c:65:26: error: expected expression before ')' token
      xil_printf("%d\n", *)
                          ^
make: *** [src/subdir.mk:26: src/helloworld.o] Error 1
02:05:09 **** Auto Build of configuration Debug for project test_bluetooth_graphic ****
make all 
'Building file: ../src/helloworld.c'
'Invoking: MicroBlaze gcc compiler'
mb-gcc -Wall -O0 -g3 -c -fmessage-length=0 -MT"src/helloworld.o" -I../../test_bluetooth_graphic_bsp/microblaze_0/include -mlittle-endian -mcpu=v11.0 -mxl-soft-mul -Wl,--no-relax -ffunction-sections -fdata-sections -MMD -MP -MF"src/helloworld.d" -MT"src/helloworld.o" -o "src/helloworld.o" "../src/helloworld.c"
'Finished building: ../src/helloworld.c'
' '
'Building target: test_bluetooth_graphic.elf'
'Invoking: MicroBlaze gcc linker'
mb-gcc -Wl,-T -Wl,../src/lscript.ld -L../../test_bluetooth_graphic_bsp/microblaze_0/lib -mlittle-endian -mcpu=v11.0 -mxl-soft-mul -Wl,--no-relax -Wl,--gc-sections -o "test_bluetooth_graphic.elf"  ./src/helloworld.o ./src/platform.o   -Wl,--start-group,-lxil,-lgcc,-lc,--end-group
'Finished building target: test_bluetooth_graphic.elf'
' '
'Invoking: MicroBlaze Print Size'
mb-size test_bluetooth_graphic.elf  |tee "test_bluetooth_graphic.elf.size"
   text	   data	    bss	    dec	    hex	filename
   6084	    328	   3108	   9520	   2530	test_bluetooth_graphic.elf
'Finished building: test_bluetooth_graphic.elf.size'
' '
02:05:15 **** Incremental Build of configuration Debug for project test_bluetooth_graphic ****
make all 
make: Nothing to be done for 'all'.
02:05:35 **** Auto Build of configuration Debug for project test_bluetooth_graphic ****
make all 
'Building file: ../src/helloworld.c'
'Invoking: MicroBlaze gcc compiler'
mb-gcc -Wall -O0 -g3 -c -fmessage-length=0 -MT"src/helloworld.o" -I../../test_bluetooth_graphic_bsp/microblaze_0/include -mlittle-endian -mcpu=v11.0 -mxl-soft-mul -Wl,--no-relax -ffunction-sections -fdata-sections -MMD -MP -MF"src/helloworld.d" -MT"src/helloworld.o" -o "src/helloworld.o" "../src/helloworld.c"
'Finished building: ../src/helloworld.c'
' '
'Building target: test_bluetooth_graphic.elf'
'Invoking: MicroBlaze gcc linker'
mb-gcc -Wl,-T -Wl,../src/lscript.ld -L../../test_bluetooth_graphic_bsp/microblaze_0/lib -mlittle-endian -mcpu=v11.0 -mxl-soft-mul -Wl,--no-relax -Wl,--gc-sections -o "test_bluetooth_graphic.elf"  ./src/helloworld.o ./src/platform.o   -Wl,--start-group,-lxil,-lgcc,-lc,--end-group
'Finished building target: test_bluetooth_graphic.elf'
' '
'Invoking: MicroBlaze Print Size'
mb-size test_bluetooth_graphic.elf  |tee "test_bluetooth_graphic.elf.size"
   text	   data	    bss	    dec	    hex	filename
   6084	    328	   3108	   9520	   2530	test_bluetooth_graphic.elf
'Finished building: test_bluetooth_graphic.elf.size'
' '
02:05:39 **** Incremental Build of configuration Debug for project test_bluetooth_graphic ****
make all 
make: Nothing to be done for 'all'.
02:07:15 **** Auto Build of configuration Debug for project test_bluetooth_graphic ****
make all 
'Building file: ../src/helloworld.c'
'Invoking: MicroBlaze gcc compiler'
mb-gcc -Wall -O0 -g3 -c -fmessage-length=0 -MT"src/helloworld.o" -I../../test_bluetooth_graphic_bsp/microblaze_0/include -mlittle-endian -mcpu=v11.0 -mxl-soft-mul -Wl,--no-relax -ffunction-sections -fdata-sections -MMD -MP -MF"src/helloworld.d" -MT"src/helloworld.o" -o "src/helloworld.o" "../src/helloworld.c"
'Finished building: ../src/helloworld.c'
' '
'Building target: test_bluetooth_graphic.elf'
'Invoking: MicroBlaze gcc linker'
mb-gcc -Wl,-T -Wl,../src/lscript.ld -L../../test_bluetooth_graphic_bsp/microblaze_0/lib -mlittle-endian -mcpu=v11.0 -mxl-soft-mul -Wl,--no-relax -Wl,--gc-sections -o "test_bluetooth_graphic.elf"  ./src/helloworld.o ./src/platform.o   -Wl,--start-group,-lxil,-lgcc,-lc,--end-group
'Finished building target: test_bluetooth_graphic.elf'
' '
'Invoking: MicroBlaze Print Size'
mb-size test_bluetooth_graphic.elf  |tee "test_bluetooth_graphic.elf.size"
   text	   data	    bss	    dec	    hex	filename
   6504	    328	   3104	   9936	   26d0	test_bluetooth_graphic.elf
'Finished building: test_bluetooth_graphic.elf.size'
' '
02:07:18 **** Incremental Build of configuration Debug for project test_bluetooth_graphic ****
make all 
make: Nothing to be done for 'all'.
02:07:34 **** Incremental Build of configuration Debug for project test_bluetooth_graphic ****
make all 
make: Nothing to be done for 'all'.
02:07:48 **** Auto Build of configuration Debug for project test_bluetooth_graphic ****
make all 
'Building file: ../src/helloworld.c'
'Invoking: MicroBlaze gcc compiler'
mb-gcc -Wall -O0 -g3 -c -fmessage-length=0 -MT"src/helloworld.o" -I../../test_bluetooth_graphic_bsp/microblaze_0/include -mlittle-endian -mcpu=v11.0 -mxl-soft-mul -Wl,--no-relax -ffunction-sections -fdata-sections -MMD -MP -MF"src/helloworld.d" -MT"src/helloworld.o" -o "src/helloworld.o" "../src/helloworld.c"
'Finished building: ../src/helloworld.c'
' '
'Building target: test_bluetooth_graphic.elf'
'Invoking: MicroBlaze gcc linker'
mb-gcc -Wl,-T -Wl,../src/lscript.ld -L../../test_bluetooth_graphic_bsp/microblaze_0/lib -mlittle-endian -mcpu=v11.0 -mxl-soft-mul -Wl,--no-relax -Wl,--gc-sections -o "test_bluetooth_graphic.elf"  ./src/helloworld.o ./src/platform.o   -Wl,--start-group,-lxil,-lgcc,-lc,--end-group
'Finished building target: test_bluetooth_graphic.elf'
' '
'Invoking: MicroBlaze Print Size'
mb-size test_bluetooth_graphic.elf  |tee "test_bluetooth_graphic.elf.size"
   text	   data	    bss	    dec	    hex	filename
   6504	    328	   3104	   9936	   26d0	test_bluetooth_graphic.elf
'Finished building: test_bluetooth_graphic.elf.size'
' '
02:07:52 **** Incremental Build of configuration Debug for project test_bluetooth_graphic ****
make all 
make: Nothing to be done for 'all'.
02:07:59 **** Auto Build of configuration Debug for project test_bluetooth_graphic ****
make all 
'Building file: ../src/helloworld.c'
'Invoking: MicroBlaze gcc compiler'
mb-gcc -Wall -O0 -g3 -c -fmessage-length=0 -MT"src/helloworld.o" -I../../test_bluetooth_graphic_bsp/microblaze_0/include -mlittle-endian -mcpu=v11.0 -mxl-soft-mul -Wl,--no-relax -ffunction-sections -fdata-sections -MMD -MP -MF"src/helloworld.d" -MT"src/helloworld.o" -o "src/helloworld.o" "../src/helloworld.c"
'Finished building: ../src/helloworld.c'
' '
'Building target: test_bluetooth_graphic.elf'
'Invoking: MicroBlaze gcc linker'
mb-gcc -Wl,-T -Wl,../src/lscript.ld -L../../test_bluetooth_graphic_bsp/microblaze_0/lib -mlittle-endian -mcpu=v11.0 -mxl-soft-mul -Wl,--no-relax -Wl,--gc-sections -o "test_bluetooth_graphic.elf"  ./src/helloworld.o ./src/platform.o   -Wl,--start-group,-lxil,-lgcc,-lc,--end-group
'Finished building target: test_bluetooth_graphic.elf'
' '
'Invoking: MicroBlaze Print Size'
mb-size test_bluetooth_graphic.elf  |tee "test_bluetooth_graphic.elf.size"
   text	   data	    bss	    dec	    hex	filename
   6504	    328	   3104	   9936	   26d0	test_bluetooth_graphic.elf
'Finished building: test_bluetooth_graphic.elf.size'
' '
02:08:01 **** Incremental Build of configuration Debug for project test_bluetooth_graphic ****
make all 
make: Nothing to be done for 'all'.
02:08:08 **** Auto Build of configuration Debug for project test_bluetooth_graphic ****
make all 
'Building file: ../src/helloworld.c'
'Invoking: MicroBlaze gcc compiler'
mb-gcc -Wall -O0 -g3 -c -fmessage-length=0 -MT"src/helloworld.o" -I../../test_bluetooth_graphic_bsp/microblaze_0/include -mlittle-endian -mcpu=v11.0 -mxl-soft-mul -Wl,--no-relax -ffunction-sections -fdata-sections -MMD -MP -MF"src/helloworld.d" -MT"src/helloworld.o" -o "src/helloworld.o" "../src/helloworld.c"
'Finished building: ../src/helloworld.c'
' '
'Building target: test_bluetooth_graphic.elf'
'Invoking: MicroBlaze gcc linker'
mb-gcc -Wl,-T -Wl,../src/lscript.ld -L../../test_bluetooth_graphic_bsp/microblaze_0/lib -mlittle-endian -mcpu=v11.0 -mxl-soft-mul -Wl,--no-relax -Wl,--gc-sections -o "test_bluetooth_graphic.elf"  ./src/helloworld.o ./src/platform.o   -Wl,--start-group,-lxil,-lgcc,-lc,--end-group
'Finished building target: test_bluetooth_graphic.elf'
' '
'Invoking: MicroBlaze Print Size'
mb-size test_bluetooth_graphic.elf  |tee "test_bluetooth_graphic.elf.size"
   text	   data	    bss	    dec	    hex	filename
   6508	    328	   3108	   9944	   26d8	test_bluetooth_graphic.elf
'Finished building: test_bluetooth_graphic.elf.size'
' '
02:08:11 **** Incremental Build of configuration Debug for project test_bluetooth_graphic ****
make all 
make: Nothing to be done for 'all'.
02:08:26 **** Auto Build of configuration Debug for project test_bluetooth_graphic ****
make all 
'Building file: ../src/helloworld.c'
'Invoking: MicroBlaze gcc compiler'
mb-gcc -Wall -O0 -g3 -c -fmessage-length=0 -MT"src/helloworld.o" -I../../test_bluetooth_graphic_bsp/microblaze_0/include -mlittle-endian -mcpu=v11.0 -mxl-soft-mul -Wl,--no-relax -ffunction-sections -fdata-sections -MMD -MP -MF"src/helloworld.d" -MT"src/helloworld.o" -o "src/helloworld.o" "../src/helloworld.c"
'Finished building: ../src/helloworld.c'
' '
'Building target: test_bluetooth_graphic.elf'
'Invoking: MicroBlaze gcc linker'
mb-gcc -Wl,-T -Wl,../src/lscript.ld -L../../test_bluetooth_graphic_bsp/microblaze_0/lib -mlittle-endian -mcpu=v11.0 -mxl-soft-mul -Wl,--no-relax -Wl,--gc-sections -o "test_bluetooth_graphic.elf"  ./src/helloworld.o ./src/platform.o   -Wl,--start-group,-lxil,-lgcc,-lc,--end-group
'Finished building target: test_bluetooth_graphic.elf'
' '
'Invoking: MicroBlaze Print Size'
mb-size test_bluetooth_graphic.elf  |tee "test_bluetooth_graphic.elf.size"
   text	   data	    bss	    dec	    hex	filename
   6508	    328	   3108	   9944	   26d8	test_bluetooth_graphic.elf
'Finished building: test_bluetooth_graphic.elf.size'
' '
02:08:29 **** Incremental Build of configuration Debug for project test_bluetooth_graphic ****
make all 
make: Nothing to be done for 'all'.
02:08:47 **** Auto Build of configuration Debug for project test_bluetooth_graphic ****
make all 
'Building file: ../src/helloworld.c'
'Invoking: MicroBlaze gcc compiler'
mb-gcc -Wall -O0 -g3 -c -fmessage-length=0 -MT"src/helloworld.o" -I../../test_bluetooth_graphic_bsp/microblaze_0/include -mlittle-endian -mcpu=v11.0 -mxl-soft-mul -Wl,--no-relax -ffunction-sections -fdata-sections -MMD -MP -MF"src/helloworld.d" -MT"src/helloworld.o" -o "src/helloworld.o" "../src/helloworld.c"
'Finished building: ../src/helloworld.c'
' '
'Building target: test_bluetooth_graphic.elf'
'Invoking: MicroBlaze gcc linker'
mb-gcc -Wl,-T -Wl,../src/lscript.ld -L../../test_bluetooth_graphic_bsp/microblaze_0/lib -mlittle-endian -mcpu=v11.0 -mxl-soft-mul -Wl,--no-relax -Wl,--gc-sections -o "test_bluetooth_graphic.elf"  ./src/helloworld.o ./src/platform.o   -Wl,--start-group,-lxil,-lgcc,-lc,--end-group
'Finished building target: test_bluetooth_graphic.elf'
' '
'Invoking: MicroBlaze Print Size'
mb-size test_bluetooth_graphic.elf  |tee "test_bluetooth_graphic.elf.size"
   text	   data	    bss	    dec	    hex	filename
   6508	    328	   3108	   9944	   26d8	test_bluetooth_graphic.elf
'Finished building: test_bluetooth_graphic.elf.size'
' '
02:08:51 **** Incremental Build of configuration Debug for project test_bluetooth_graphic ****
make all 
make: Nothing to be done for 'all'.
02:09:13 **** Auto Build of configuration Debug for project test_bluetooth_graphic ****
make all 
'Building file: ../src/helloworld.c'
'Invoking: MicroBlaze gcc compiler'
mb-gcc -Wall -O0 -g3 -c -fmessage-length=0 -MT"src/helloworld.o" -I../../test_bluetooth_graphic_bsp/microblaze_0/include -mlittle-endian -mcpu=v11.0 -mxl-soft-mul -Wl,--no-relax -ffunction-sections -fdata-sections -MMD -MP -MF"src/helloworld.d" -MT"src/helloworld.o" -o "src/helloworld.o" "../src/helloworld.c"
'Finished building: ../src/helloworld.c'
' '
'Building target: test_bluetooth_graphic.elf'
'Invoking: MicroBlaze gcc linker'
mb-gcc -Wl,-T -Wl,../src/lscript.ld -L../../test_bluetooth_graphic_bsp/microblaze_0/lib -mlittle-endian -mcpu=v11.0 -mxl-soft-mul -Wl,--no-relax -Wl,--gc-sections -o "test_bluetooth_graphic.elf"  ./src/helloworld.o ./src/platform.o   -Wl,--start-group,-lxil,-lgcc,-lc,--end-group
'Finished building target: test_bluetooth_graphic.elf'
' '
'Invoking: MicroBlaze Print Size'
mb-size test_bluetooth_graphic.elf  |tee "test_bluetooth_graphic.elf.size"
   text	   data	    bss	    dec	    hex	filename
   6508	    328	   3108	   9944	   26d8	test_bluetooth_graphic.elf
'Finished building: test_bluetooth_graphic.elf.size'
' '
02:09:30 **** Auto Build of configuration Debug for project test_bluetooth_graphic ****
make all 
'Building file: ../src/helloworld.c'
'Invoking: MicroBlaze gcc compiler'
mb-gcc -Wall -O0 -g3 -c -fmessage-length=0 -MT"src/helloworld.o" -I../../test_bluetooth_graphic_bsp/microblaze_0/include -mlittle-endian -mcpu=v11.0 -mxl-soft-mul -Wl,--no-relax -ffunction-sections -fdata-sections -MMD -MP -MF"src/helloworld.d" -MT"src/helloworld.o" -o "src/helloworld.o" "../src/helloworld.c"
'Finished building: ../src/helloworld.c'
' '
'Building target: test_bluetooth_graphic.elf'
'Invoking: MicroBlaze gcc linker'
mb-gcc -Wl,-T -Wl,../src/lscript.ld -L../../test_bluetooth_graphic_bsp/microblaze_0/lib -mlittle-endian -mcpu=v11.0 -mxl-soft-mul -Wl,--no-relax -Wl,--gc-sections -o "test_bluetooth_graphic.elf"  ./src/helloworld.o ./src/platform.o   -Wl,--start-group,-lxil,-lgcc,-lc,--end-group
'Finished building target: test_bluetooth_graphic.elf'
' '
'Invoking: MicroBlaze Print Size'
mb-size test_bluetooth_graphic.elf  |tee "test_bluetooth_graphic.elf.size"
   text	   data	    bss	    dec	    hex	filename
   6628	    328	   3108	  10064	   2750	test_bluetooth_graphic.elf
'Finished building: test_bluetooth_graphic.elf.size'
' '
02:09:50 **** Auto Build of configuration Debug for project test_bluetooth_graphic ****
make all 
'Building file: ../src/helloworld.c'
'Invoking: MicroBlaze gcc compiler'
mb-gcc -Wall -O0 -g3 -c -fmessage-length=0 -MT"src/helloworld.o" -I../../test_bluetooth_graphic_bsp/microblaze_0/include -mlittle-endian -mcpu=v11.0 -mxl-soft-mul -Wl,--no-relax -ffunction-sections -fdata-sections -MMD -MP -MF"src/helloworld.d" -MT"src/helloworld.o" -o "src/helloworld.o" "../src/helloworld.c"
'Finished building: ../src/helloworld.c'
' '
'Building target: test_bluetooth_graphic.elf'
'Invoking: MicroBlaze gcc linker'
mb-gcc -Wl,-T -Wl,../src/lscript.ld -L../../test_bluetooth_graphic_bsp/microblaze_0/lib -mlittle-endian -mcpu=v11.0 -mxl-soft-mul -Wl,--no-relax -Wl,--gc-sections -o "test_bluetooth_graphic.elf"  ./src/helloworld.o ./src/platform.o   -Wl,--start-group,-lxil,-lgcc,-lc,--end-group
'Finished building target: test_bluetooth_graphic.elf'
' '
'Invoking: MicroBlaze Print Size'
mb-size test_bluetooth_graphic.elf  |tee "test_bluetooth_graphic.elf.size"
   text	   data	    bss	    dec	    hex	filename
   6924	    328	   3108	  10360	   2878	test_bluetooth_graphic.elf
'Finished building: test_bluetooth_graphic.elf.size'
' '
02:09:56 **** Auto Build of configuration Debug for project test_bluetooth_graphic ****
make all 
'Building file: ../src/helloworld.c'
'Invoking: MicroBlaze gcc compiler'
mb-gcc -Wall -O0 -g3 -c -fmessage-length=0 -MT"src/helloworld.o" -I../../test_bluetooth_graphic_bsp/microblaze_0/include -mlittle-endian -mcpu=v11.0 -mxl-soft-mul -Wl,--no-relax -ffunction-sections -fdata-sections -MMD -MP -MF"src/helloworld.d" -MT"src/helloworld.o" -o "src/helloworld.o" "../src/helloworld.c"
'Finished building: ../src/helloworld.c'
' '
'Building target: test_bluetooth_graphic.elf'
'Invoking: MicroBlaze gcc linker'
mb-gcc -Wl,-T -Wl,../src/lscript.ld -L../../test_bluetooth_graphic_bsp/microblaze_0/lib -mlittle-endian -mcpu=v11.0 -mxl-soft-mul -Wl,--no-relax -Wl,--gc-sections -o "test_bluetooth_graphic.elf"  ./src/helloworld.o ./src/platform.o   -Wl,--start-group,-lxil,-lgcc,-lc,--end-group
'Finished building target: test_bluetooth_graphic.elf'
' '
'Invoking: MicroBlaze Print Size'
mb-size test_bluetooth_graphic.elf  |tee "test_bluetooth_graphic.elf.size"
   text	   data	    bss	    dec	    hex	filename
   7048	    328	   3104	  10480	   28f0	test_bluetooth_graphic.elf
'Finished building: test_bluetooth_graphic.elf.size'
' '
02:10:13 **** Auto Build of configuration Debug for project test_bluetooth_graphic ****
make all 
'Building file: ../src/helloworld.c'
'Invoking: MicroBlaze gcc compiler'
mb-gcc -Wall -O0 -g3 -c -fmessage-length=0 -MT"src/helloworld.o" -I../../test_bluetooth_graphic_bsp/microblaze_0/include -mlittle-endian -mcpu=v11.0 -mxl-soft-mul -Wl,--no-relax -ffunction-sections -fdata-sections -MMD -MP -MF"src/helloworld.d" -MT"src/helloworld.o" -o "src/helloworld.o" "../src/helloworld.c"
'Finished building: ../src/helloworld.c'
' '
'Building target: test_bluetooth_graphic.elf'
'Invoking: MicroBlaze gcc linker'
mb-gcc -Wl,-T -Wl,../src/lscript.ld -L../../test_bluetooth_graphic_bsp/microblaze_0/lib -mlittle-endian -mcpu=v11.0 -mxl-soft-mul -Wl,--no-relax -Wl,--gc-sections -o "test_bluetooth_graphic.elf"  ./src/helloworld.o ./src/platform.o   -Wl,--start-group,-lxil,-lgcc,-lc,--end-group
'Finished building target: test_bluetooth_graphic.elf'
' '
'Invoking: MicroBlaze Print Size'
mb-size test_bluetooth_graphic.elf  |tee "test_bluetooth_graphic.elf.size"
   text	   data	    bss	    dec	    hex	filename
   7376	    328	   3104	  10808	   2a38	test_bluetooth_graphic.elf
'Finished building: test_bluetooth_graphic.elf.size'
' '
02:10:16 **** Auto Build of configuration Debug for project test_bluetooth_graphic ****
make all 
'Building file: ../src/helloworld.c'
'Invoking: MicroBlaze gcc compiler'
mb-gcc -Wall -O0 -g3 -c -fmessage-length=0 -MT"src/helloworld.o" -I../../test_bluetooth_graphic_bsp/microblaze_0/include -mlittle-endian -mcpu=v11.0 -mxl-soft-mul -Wl,--no-relax -ffunction-sections -fdata-sections -MMD -MP -MF"src/helloworld.d" -MT"src/helloworld.o" -o "src/helloworld.o" "../src/helloworld.c"
'Finished building: ../src/helloworld.c'
' '
'Building target: test_bluetooth_graphic.elf'
'Invoking: MicroBlaze gcc linker'
mb-gcc -Wl,-T -Wl,../src/lscript.ld -L../../test_bluetooth_graphic_bsp/microblaze_0/lib -mlittle-endian -mcpu=v11.0 -mxl-soft-mul -Wl,--no-relax -Wl,--gc-sections -o "test_bluetooth_graphic.elf"  ./src/helloworld.o ./src/platform.o   -Wl,--start-group,-lxil,-lgcc,-lc,--end-group
'Finished building target: test_bluetooth_graphic.elf'
' '
'Invoking: MicroBlaze Print Size'
mb-size test_bluetooth_graphic.elf  |tee "test_bluetooth_graphic.elf.size"
   text	   data	    bss	    dec	    hex	filename
   7384	    328	   3104	  10816	   2a40	test_bluetooth_graphic.elf
'Finished building: test_bluetooth_graphic.elf.size'
' '
02:10:19 **** Incremental Build of configuration Debug for project test_bluetooth_graphic ****
make all 
make: Nothing to be done for 'all'.
02:10:34 **** Auto Build of configuration Debug for project test_bluetooth_graphic ****
make all 
'Building file: ../src/helloworld.c'
'Invoking: MicroBlaze gcc compiler'
mb-gcc -Wall -O0 -g3 -c -fmessage-length=0 -MT"src/helloworld.o" -I../../test_bluetooth_graphic_bsp/microblaze_0/include -mlittle-endian -mcpu=v11.0 -mxl-soft-mul -Wl,--no-relax -ffunction-sections -fdata-sections -MMD -MP -MF"src/helloworld.d" -MT"src/helloworld.o" -o "src/helloworld.o" "../src/helloworld.c"
'Finished building: ../src/helloworld.c'
' '
'Building target: test_bluetooth_graphic.elf'
'Invoking: MicroBlaze gcc linker'
mb-gcc -Wl,-T -Wl,../src/lscript.ld -L../../test_bluetooth_graphic_bsp/microblaze_0/lib -mlittle-endian -mcpu=v11.0 -mxl-soft-mul -Wl,--no-relax -Wl,--gc-sections -o "test_bluetooth_graphic.elf"  ./src/helloworld.o ./src/platform.o   -Wl,--start-group,-lxil,-lgcc,-lc,--end-group
'Finished building target: test_bluetooth_graphic.elf'
' '
'Invoking: MicroBlaze Print Size'
mb-size test_bluetooth_graphic.elf  |tee "test_bluetooth_graphic.elf.size"
   text	   data	    bss	    dec	    hex	filename
   7384	    328	   3104	  10816	   2a40	test_bluetooth_graphic.elf
'Finished building: test_bluetooth_graphic.elf.size'
' '
02:10:36 **** Incremental Build of configuration Debug for project test_bluetooth_graphic ****
make all 
make: Nothing to be done for 'all'.
02:10:59 **** Auto Build of configuration Debug for project test_bluetooth_graphic ****
make all 
'Building file: ../src/helloworld.c'
'Invoking: MicroBlaze gcc compiler'
mb-gcc -Wall -O0 -g3 -c -fmessage-length=0 -MT"src/helloworld.o" -I../../test_bluetooth_graphic_bsp/microblaze_0/include -mlittle-endian -mcpu=v11.0 -mxl-soft-mul -Wl,--no-relax -ffunction-sections -fdata-sections -MMD -MP -MF"src/helloworld.d" -MT"src/helloworld.o" -o "src/helloworld.o" "../src/helloworld.c"
'Finished building: ../src/helloworld.c'
' '
'Building target: test_bluetooth_graphic.elf'
'Invoking: MicroBlaze gcc linker'
mb-gcc -Wl,-T -Wl,../src/lscript.ld -L../../test_bluetooth_graphic_bsp/microblaze_0/lib -mlittle-endian -mcpu=v11.0 -mxl-soft-mul -Wl,--no-relax -Wl,--gc-sections -o "test_bluetooth_graphic.elf"  ./src/helloworld.o ./src/platform.o   -Wl,--start-group,-lxil,-lgcc,-lc,--end-group
'Finished building target: test_bluetooth_graphic.elf'
' '
'Invoking: MicroBlaze Print Size'
mb-size test_bluetooth_graphic.elf  |tee "test_bluetooth_graphic.elf.size"
   text	   data	    bss	    dec	    hex	filename
   7376	    328	   3104	  10808	   2a38	test_bluetooth_graphic.elf
'Finished building: test_bluetooth_graphic.elf.size'
' '
02:11:02 **** Incremental Build of configuration Debug for project test_bluetooth_graphic ****
make all 
make: Nothing to be done for 'all'.
02:11:11 **** Auto Build of configuration Debug for project test_bluetooth_graphic ****
make all 
'Building file: ../src/helloworld.c'
'Invoking: MicroBlaze gcc compiler'
mb-gcc -Wall -O0 -g3 -c -fmessage-length=0 -MT"src/helloworld.o" -I../../test_bluetooth_graphic_bsp/microblaze_0/include -mlittle-endian -mcpu=v11.0 -mxl-soft-mul -Wl,--no-relax -ffunction-sections -fdata-sections -MMD -MP -MF"src/helloworld.d" -MT"src/helloworld.o" -o "src/helloworld.o" "../src/helloworld.c"
'Finished building: ../src/helloworld.c'
' '
'Building target: test_bluetooth_graphic.elf'
'Invoking: MicroBlaze gcc linker'
mb-gcc -Wl,-T -Wl,../src/lscript.ld -L../../test_bluetooth_graphic_bsp/microblaze_0/lib -mlittle-endian -mcpu=v11.0 -mxl-soft-mul -Wl,--no-relax -Wl,--gc-sections -o "test_bluetooth_graphic.elf"  ./src/helloworld.o ./src/platform.o   -Wl,--start-group,-lxil,-lgcc,-lc,--end-group
'Finished building target: test_bluetooth_graphic.elf'
' '
'Invoking: MicroBlaze Print Size'
mb-size test_bluetooth_graphic.elf  |tee "test_bluetooth_graphic.elf.size"
   text	   data	    bss	    dec	    hex	filename
   7380	    328	   3108	  10816	   2a40	test_bluetooth_graphic.elf
'Finished building: test_bluetooth_graphic.elf.size'
' '
02:11:14 **** Incremental Build of configuration Debug for project test_bluetooth_graphic ****
make all 
make: Nothing to be done for 'all'.
02:11:41 **** Auto Build of configuration Debug for project test_bluetooth_graphic ****
make all 
'Building file: ../src/helloworld.c'
'Invoking: MicroBlaze gcc compiler'
mb-gcc -Wall -O0 -g3 -c -fmessage-length=0 -MT"src/helloworld.o" -I../../test_bluetooth_graphic_bsp/microblaze_0/include -mlittle-endian -mcpu=v11.0 -mxl-soft-mul -Wl,--no-relax -ffunction-sections -fdata-sections -MMD -MP -MF"src/helloworld.d" -MT"src/helloworld.o" -o "src/helloworld.o" "../src/helloworld.c"
'Finished building: ../src/helloworld.c'
' '
'Building target: test_bluetooth_graphic.elf'
'Invoking: MicroBlaze gcc linker'
mb-gcc -Wl,-T -Wl,../src/lscript.ld -L../../test_bluetooth_graphic_bsp/microblaze_0/lib -mlittle-endian -mcpu=v11.0 -mxl-soft-mul -Wl,--no-relax -Wl,--gc-sections -o "test_bluetooth_graphic.elf"  ./src/helloworld.o ./src/platform.o   -Wl,--start-group,-lxil,-lgcc,-lc,--end-group
'Finished building target: test_bluetooth_graphic.elf'
' '
'Invoking: MicroBlaze Print Size'
mb-size test_bluetooth_graphic.elf  |tee "test_bluetooth_graphic.elf.size"
   text	   data	    bss	    dec	    hex	filename
   7380	    328	   3108	  10816	   2a40	test_bluetooth_graphic.elf
'Finished building: test_bluetooth_graphic.elf.size'
' '
02:12:00 **** Auto Build of configuration Debug for project test_bluetooth_graphic ****
make all 
'Building file: ../src/helloworld.c'
'Invoking: MicroBlaze gcc compiler'
mb-gcc -Wall -O0 -g3 -c -fmessage-length=0 -MT"src/helloworld.o" -I../../test_bluetooth_graphic_bsp/microblaze_0/include -mlittle-endian -mcpu=v11.0 -mxl-soft-mul -Wl,--no-relax -ffunction-sections -fdata-sections -MMD -MP -MF"src/helloworld.d" -MT"src/helloworld.o" -o "src/helloworld.o" "../src/helloworld.c"
'Finished building: ../src/helloworld.c'
' '
'Building target: test_bluetooth_graphic.elf'
'Invoking: MicroBlaze gcc linker'
mb-gcc -Wl,-T -Wl,../src/lscript.ld -L../../test_bluetooth_graphic_bsp/microblaze_0/lib -mlittle-endian -mcpu=v11.0 -mxl-soft-mul -Wl,--no-relax -Wl,--gc-sections -o "test_bluetooth_graphic.elf"  ./src/helloworld.o ./src/platform.o   -Wl,--start-group,-lxil,-lgcc,-lc,--end-group
'Finished building target: test_bluetooth_graphic.elf'
' '
'Invoking: MicroBlaze Print Size'
mb-size test_bluetooth_graphic.elf  |tee "test_bluetooth_graphic.elf.size"
   text	   data	    bss	    dec	    hex	filename
   7380	    328	   3108	  10816	   2a40	test_bluetooth_graphic.elf
'Finished building: test_bluetooth_graphic.elf.size'
' '
02:12:03 **** Incremental Build of configuration Debug for project test_bluetooth_graphic ****
make all 
make: Nothing to be done for 'all'.
02:12:53 **** Auto Build of configuration Debug for project test_bluetooth_graphic ****
make all 
'Building file: ../src/helloworld.c'
'Invoking: MicroBlaze gcc compiler'
mb-gcc -Wall -O0 -g3 -c -fmessage-length=0 -MT"src/helloworld.o" -I../../test_bluetooth_graphic_bsp/microblaze_0/include -mlittle-endian -mcpu=v11.0 -mxl-soft-mul -Wl,--no-relax -ffunction-sections -fdata-sections -MMD -MP -MF"src/helloworld.d" -MT"src/helloworld.o" -o "src/helloworld.o" "../src/helloworld.c"
'Finished building: ../src/helloworld.c'
' '
'Building target: test_bluetooth_graphic.elf'
'Invoking: MicroBlaze gcc linker'
mb-gcc -Wl,-T -Wl,../src/lscript.ld -L../../test_bluetooth_graphic_bsp/microblaze_0/lib -mlittle-endian -mcpu=v11.0 -mxl-soft-mul -Wl,--no-relax -Wl,--gc-sections -o "test_bluetooth_graphic.elf"  ./src/helloworld.o ./src/platform.o   -Wl,--start-group,-lxil,-lgcc,-lc,--end-group
'Finished building target: test_bluetooth_graphic.elf'
' '
'Invoking: MicroBlaze Print Size'
mb-size test_bluetooth_graphic.elf  |tee "test_bluetooth_graphic.elf.size"
   text	   data	    bss	    dec	    hex	filename
   7300	    328	   3108	  10736	   29f0	test_bluetooth_graphic.elf
'Finished building: test_bluetooth_graphic.elf.size'
' '
02:12:56 **** Incremental Build of configuration Debug for project test_bluetooth_graphic ****
make all 
make: Nothing to be done for 'all'.
02:13:30 **** Auto Build of configuration Debug for project test_bluetooth_graphic ****
make all 
'Building file: ../src/helloworld.c'
'Invoking: MicroBlaze gcc compiler'
mb-gcc -Wall -O0 -g3 -c -fmessage-length=0 -MT"src/helloworld.o" -I../../test_bluetooth_graphic_bsp/microblaze_0/include -mlittle-endian -mcpu=v11.0 -mxl-soft-mul -Wl,--no-relax -ffunction-sections -fdata-sections -MMD -MP -MF"src/helloworld.d" -MT"src/helloworld.o" -o "src/helloworld.o" "../src/helloworld.c"
'Finished building: ../src/helloworld.c'
' '
'Building target: test_bluetooth_graphic.elf'
'Invoking: MicroBlaze gcc linker'
mb-gcc -Wl,-T -Wl,../src/lscript.ld -L../../test_bluetooth_graphic_bsp/microblaze_0/lib -mlittle-endian -mcpu=v11.0 -mxl-soft-mul -Wl,--no-relax -Wl,--gc-sections -o "test_bluetooth_graphic.elf"  ./src/helloworld.o ./src/platform.o   -Wl,--start-group,-lxil,-lgcc,-lc,--end-group
'Finished building target: test_bluetooth_graphic.elf'
' '
'Invoking: MicroBlaze Print Size'
mb-size test_bluetooth_graphic.elf  |tee "test_bluetooth_graphic.elf.size"
   text	   data	    bss	    dec	    hex	filename
   6928	    328	   3104	  10360	   2878	test_bluetooth_graphic.elf
'Finished building: test_bluetooth_graphic.elf.size'
' '
02:13:32 **** Auto Build of configuration Debug for project test_bluetooth_graphic ****
make all 
'Building file: ../src/helloworld.c'
'Invoking: MicroBlaze gcc compiler'
mb-gcc -Wall -O0 -g3 -c -fmessage-length=0 -MT"src/helloworld.o" -I../../test_bluetooth_graphic_bsp/microblaze_0/include -mlittle-endian -mcpu=v11.0 -mxl-soft-mul -Wl,--no-relax -ffunction-sections -fdata-sections -MMD -MP -MF"src/helloworld.d" -MT"src/helloworld.o" -o "src/helloworld.o" "../src/helloworld.c"
'Finished building: ../src/helloworld.c'
' '
'Building target: test_bluetooth_graphic.elf'
'Invoking: MicroBlaze gcc linker'
mb-gcc -Wl,-T -Wl,../src/lscript.ld -L../../test_bluetooth_graphic_bsp/microblaze_0/lib -mlittle-endian -mcpu=v11.0 -mxl-soft-mul -Wl,--no-relax -Wl,--gc-sections -o "test_bluetooth_graphic.elf"  ./src/helloworld.o ./src/platform.o   -Wl,--start-group,-lxil,-lgcc,-lc,--end-group
'Finished building target: test_bluetooth_graphic.elf'
' '
'Invoking: MicroBlaze Print Size'
mb-size test_bluetooth_graphic.elf  |tee "test_bluetooth_graphic.elf.size"
   text	   data	    bss	    dec	    hex	filename
   6928	    328	   3104	  10360	   2878	test_bluetooth_graphic.elf
'Finished building: test_bluetooth_graphic.elf.size'
' '
02:13:37 **** Incremental Build of configuration Debug for project test_bluetooth_graphic ****
make all 
make: Nothing to be done for 'all'.
02:13:50 **** Auto Build of configuration Debug for project test_bluetooth_graphic ****
make all 
'Building file: ../src/helloworld.c'
'Invoking: MicroBlaze gcc compiler'
mb-gcc -Wall -O0 -g3 -c -fmessage-length=0 -MT"src/helloworld.o" -I../../test_bluetooth_graphic_bsp/microblaze_0/include -mlittle-endian -mcpu=v11.0 -mxl-soft-mul -Wl,--no-relax -ffunction-sections -fdata-sections -MMD -MP -MF"src/helloworld.d" -MT"src/helloworld.o" -o "src/helloworld.o" "../src/helloworld.c"
'Finished building: ../src/helloworld.c'
' '
'Building target: test_bluetooth_graphic.elf'
'Invoking: MicroBlaze gcc linker'
mb-gcc -Wl,-T -Wl,../src/lscript.ld -L../../test_bluetooth_graphic_bsp/microblaze_0/lib -mlittle-endian -mcpu=v11.0 -mxl-soft-mul -Wl,--no-relax -Wl,--gc-sections -o "test_bluetooth_graphic.elf"  ./src/helloworld.o ./src/platform.o   -Wl,--start-group,-lxil,-lgcc,-lc,--end-group
'Finished building target: test_bluetooth_graphic.elf'
' '
'Invoking: MicroBlaze Print Size'
mb-size test_bluetooth_graphic.elf  |tee "test_bluetooth_graphic.elf.size"
   text	   data	    bss	    dec	    hex	filename
   6928	    328	   3104	  10360	   2878	test_bluetooth_graphic.elf
'Finished building: test_bluetooth_graphic.elf.size'
' '
02:13:56 **** Auto Build of configuration Debug for project test_bluetooth_graphic ****
make all 
'Building file: ../src/helloworld.c'
'Invoking: MicroBlaze gcc compiler'
mb-gcc -Wall -O0 -g3 -c -fmessage-length=0 -MT"src/helloworld.o" -I../../test_bluetooth_graphic_bsp/microblaze_0/include -mlittle-endian -mcpu=v11.0 -mxl-soft-mul -Wl,--no-relax -ffunction-sections -fdata-sections -MMD -MP -MF"src/helloworld.d" -MT"src/helloworld.o" -o "src/helloworld.o" "../src/helloworld.c"
'Finished building: ../src/helloworld.c'
' '
'Building target: test_bluetooth_graphic.elf'
'Invoking: MicroBlaze gcc linker'
mb-gcc -Wl,-T -Wl,../src/lscript.ld -L../../test_bluetooth_graphic_bsp/microblaze_0/lib -mlittle-endian -mcpu=v11.0 -mxl-soft-mul -Wl,--no-relax -Wl,--gc-sections -o "test_bluetooth_graphic.elf"  ./src/helloworld.o ./src/platform.o   -Wl,--start-group,-lxil,-lgcc,-lc,--end-group
'Finished building target: test_bluetooth_graphic.elf'
' '
'Invoking: MicroBlaze Print Size'
mb-size test_bluetooth_graphic.elf  |tee "test_bluetooth_graphic.elf.size"
   text	   data	    bss	    dec	    hex	filename
   6936	    328	   3104	  10368	   2880	test_bluetooth_graphic.elf
'Finished building: test_bluetooth_graphic.elf.size'
' '
02:13:59 **** Incremental Build of configuration Debug for project test_bluetooth_graphic ****
make all 
make: Nothing to be done for 'all'.
02:25:40 **** Clean-only build of project test_bluetooth_graphic_bsp ****
make -k clean 
make -C microblaze_0/libsrc/bram_v4_2/src -s clean 
make -C microblaze_0/libsrc/cpu_v2_8/src -s clean 
make -C microblaze_0/libsrc/gpio_v4_3/src -s clean 
make -C microblaze_0/libsrc/intc_v3_8/src -s clean 
make -C microblaze_0/libsrc/standalone_v6_8/src -s clean 
make -C microblaze_0/libsrc/uartlite_v3_2/src -s clean 
rm -f microblaze_0/lib/libxil.a
02:25:41 **** Clean-only build of configuration Debug for project test_bluetooth_graphic ****
make clean 
rm -rf  ./src/helloworld.o ./src/platform.o  ./src/helloworld.d ./src/platform.d  test_bluetooth_graphic.elf.size  test_bluetooth_graphic.elf
' '
02:25:41 **** Build of project test_bluetooth_graphic_bsp ****
make -k all 
"Running Make include in microblaze_0/libsrc/bram_v4_2/src"
make -C microblaze_0/libsrc/bram_v4_2/src -s include  "SHELL=CMD" "COMPILER=mb-gcc" "ARCHIVER=mb-ar" "COMPILER_FLAGS=  -O2 -c -mcpu=v11.0 -mlittle-endian -mxl-soft-mul" "EXTRA_COMPILER_FLAGS=-ffunction-sections -fdata-sections -Wall -Wextra"
"Running Make include in microblaze_0/libsrc/cpu_v2_8/src"
make -C microblaze_0/libsrc/cpu_v2_8/src -s include  "SHELL=CMD" "COMPILER=mb-gcc" "ARCHIVER=mb-ar" "COMPILER_FLAGS=  -O2 -c -mcpu=v11.0 -mlittle-endian -mxl-soft-mul" "EXTRA_COMPILER_FLAGS=-ffunction-sections -fdata-sections -Wall -Wextra"
"Running Make include in microblaze_0/libsrc/gpio_v4_3/src"
make -C microblaze_0/libsrc/gpio_v4_3/src -s include  "SHELL=CMD" "COMPILER=mb-gcc" "ARCHIVER=mb-ar" "COMPILER_FLAGS=  -O2 -c -mcpu=v11.0 -mlittle-endian -mxl-soft-mul" "EXTRA_COMPILER_FLAGS=-ffunction-sections -fdata-sections -Wall -Wextra"
"Running Make include in microblaze_0/libsrc/intc_v3_8/src"
make -C microblaze_0/libsrc/intc_v3_8/src -s include  "SHELL=CMD" "COMPILER=mb-gcc" "ARCHIVER=mb-ar" "COMPILER_FLAGS=  -O2 -c -mcpu=v11.0 -mlittle-endian -mxl-soft-mul" "EXTRA_COMPILER_FLAGS=-ffunction-sections -fdata-sections -Wall -Wextra"
"Running Make include in microblaze_0/libsrc/standalone_v6_8/src"
make -C microblaze_0/libsrc/standalone_v6_8/src -s include  "SHELL=CMD" "COMPILER=mb-gcc" "ARCHIVER=mb-ar" "COMPILER_FLAGS=  -O2 -c -mcpu=v11.0 -mlittle-endian -mxl-soft-mul" "EXTRA_COMPILER_FLAGS=-ffunction-sections -fdata-sections -Wall -Wextra"
"Running Make include in microblaze_0/libsrc/uartlite_v3_2/src"
make -C microblaze_0/libsrc/uartlite_v3_2/src -s include  "SHELL=CMD" "COMPILER=mb-gcc" "ARCHIVER=mb-ar" "COMPILER_FLAGS=  -O2 -c -mcpu=v11.0 -mlittle-endian -mxl-soft-mul" "EXTRA_COMPILER_FLAGS=-ffunction-sections -fdata-sections -Wall -Wextra"
"Running Make libs in microblaze_0/libsrc/bram_v4_2/src"
make -C microblaze_0/libsrc/bram_v4_2/src -s libs  "SHELL=CMD" "COMPILER=mb-gcc" "ARCHIVER=mb-ar" "COMPILER_FLAGS=  -O2 -c -mcpu=v11.0 -mlittle-endian -mxl-soft-mul" "EXTRA_COMPILER_FLAGS=-ffunction-sections -fdata-sections -Wall -Wextra"
"Compiling bram"
mb-ar: creating ../../../lib/libxil.a
"Running Make libs in microblaze_0/libsrc/cpu_v2_8/src"
make -C microblaze_0/libsrc/cpu_v2_8/src -s libs  "SHELL=CMD" "COMPILER=mb-gcc" "ARCHIVER=mb-ar" "COMPILER_FLAGS=  -O2 -c -mcpu=v11.0 -mlittle-endian -mxl-soft-mul" "EXTRA_COMPILER_FLAGS=-ffunction-sections -fdata-sections -Wall -Wextra"
"Compiling cpu"
"Running Make libs in microblaze_0/libsrc/gpio_v4_3/src"
make -C microblaze_0/libsrc/gpio_v4_3/src -s libs  "SHELL=CMD" "COMPILER=mb-gcc" "ARCHIVER=mb-ar" "COMPILER_FLAGS=  -O2 -c -mcpu=v11.0 -mlittle-endian -mxl-soft-mul" "EXTRA_COMPILER_FLAGS=-ffunction-sections -fdata-sections -Wall -Wextra"
"Compiling gpio"
"Running Make libs in microblaze_0/libsrc/intc_v3_8/src"
make -C microblaze_0/libsrc/intc_v3_8/src -s libs  "SHELL=CMD" "COMPILER=mb-gcc" "ARCHIVER=mb-ar" "COMPILER_FLAGS=  -O2 -c -mcpu=v11.0 -mlittle-endian -mxl-soft-mul" "EXTRA_COMPILER_FLAGS=-ffunction-sections -fdata-sections -Wall -Wextra"
"Compiling intc"
"Running Make libs in microblaze_0/libsrc/standalone_v6_8/src"
make -C microblaze_0/libsrc/standalone_v6_8/src -s libs  "SHELL=CMD" "COMPILER=mb-gcc" "ARCHIVER=mb-ar" "COMPILER_FLAGS=  -O2 -c -mcpu=v11.0 -mlittle-endian -mxl-soft-mul" "EXTRA_COMPILER_FLAGS=-ffunction-sections -fdata-sections -Wall -Wextra"
"Compiling standalone";
microblaze_sleep.c:77:9: note: #pragma message: For the sleep routines, assembly instructions are used
 #pragma message ("For the sleep routines, assembly instructions are used")
         ^~~~~~~
"Running Make libs in microblaze_0/libsrc/uartlite_v3_2/src"
make -C microblaze_0/libsrc/uartlite_v3_2/src -s libs  "SHELL=CMD" "COMPILER=mb-gcc" "ARCHIVER=mb-ar" "COMPILER_FLAGS=  -O2 -c -mcpu=v11.0 -mlittle-endian -mxl-soft-mul" "EXTRA_COMPILER_FLAGS=-ffunction-sections -fdata-sections -Wall -Wextra"
"Compiling uartlite"
'Finished building libraries'
02:25:49 **** Auto Build of project test_bluetooth_graphic_bsp ****
make -k all 
"Running Make include in microblaze_0/libsrc/bram_v4_2/src"
make -C microblaze_0/libsrc/bram_v4_2/src -s include  "SHELL=CMD" "COMPILER=mb-gcc" "ARCHIVER=mb-ar" "COMPILER_FLAGS=  -O2 -c -mcpu=v11.0 -mlittle-endian -mxl-soft-mul" "EXTRA_COMPILER_FLAGS=-ffunction-sections -fdata-sections -Wall -Wextra"
"Running Make include in microblaze_0/libsrc/cpu_v2_8/src"
make -C microblaze_0/libsrc/cpu_v2_8/src -s include  "SHELL=CMD" "COMPILER=mb-gcc" "ARCHIVER=mb-ar" "COMPILER_FLAGS=  -O2 -c -mcpu=v11.0 -mlittle-endian -mxl-soft-mul" "EXTRA_COMPILER_FLAGS=-ffunction-sections -fdata-sections -Wall -Wextra"
"Running Make include in microblaze_0/libsrc/gpio_v4_3/src"
make -C microblaze_0/libsrc/gpio_v4_3/src -s include  "SHELL=CMD" "COMPILER=mb-gcc" "ARCHIVER=mb-ar" "COMPILER_FLAGS=  -O2 -c -mcpu=v11.0 -mlittle-endian -mxl-soft-mul" "EXTRA_COMPILER_FLAGS=-ffunction-sections -fdata-sections -Wall -Wextra"
"Running Make include in microblaze_0/libsrc/intc_v3_8/src"
make -C microblaze_0/libsrc/intc_v3_8/src -s include  "SHELL=CMD" "COMPILER=mb-gcc" "ARCHIVER=mb-ar" "COMPILER_FLAGS=  -O2 -c -mcpu=v11.0 -mlittle-endian -mxl-soft-mul" "EXTRA_COMPILER_FLAGS=-ffunction-sections -fdata-sections -Wall -Wextra"
"Running Make include in microblaze_0/libsrc/standalone_v6_8/src"
make -C microblaze_0/libsrc/standalone_v6_8/src -s include  "SHELL=CMD" "COMPILER=mb-gcc" "ARCHIVER=mb-ar" "COMPILER_FLAGS=  -O2 -c -mcpu=v11.0 -mlittle-endian -mxl-soft-mul" "EXTRA_COMPILER_FLAGS=-ffunction-sections -fdata-sections -Wall -Wextra"
"Running Make include in microblaze_0/libsrc/uartlite_v3_2/src"
make -C microblaze_0/libsrc/uartlite_v3_2/src -s include  "SHELL=CMD" "COMPILER=mb-gcc" "ARCHIVER=mb-ar" "COMPILER_FLAGS=  -O2 -c -mcpu=v11.0 -mlittle-endian -mxl-soft-mul" "EXTRA_COMPILER_FLAGS=-ffunction-sections -fdata-sections -Wall -Wextra"
"Running Make libs in microblaze_0/libsrc/bram_v4_2/src"
make -C microblaze_0/libsrc/bram_v4_2/src -s libs  "SHELL=CMD" "COMPILER=mb-gcc" "ARCHIVER=mb-ar" "COMPILER_FLAGS=  -O2 -c -mcpu=v11.0 -mlittle-endian -mxl-soft-mul" "EXTRA_COMPILER_FLAGS=-ffunction-sections -fdata-sections -Wall -Wextra"
"Compiling bram"
mb-ar: creating ../../../lib/libxil.a
"Running Make libs in microblaze_0/libsrc/cpu_v2_8/src"
make -C microblaze_0/libsrc/cpu_v2_8/src -s libs  "SHELL=CMD" "COMPILER=mb-gcc" "ARCHIVER=mb-ar" "COMPILER_FLAGS=  -O2 -c -mcpu=v11.0 -mlittle-endian -mxl-soft-mul" "EXTRA_COMPILER_FLAGS=-ffunction-sections -fdata-sections -Wall -Wextra"
"Compiling cpu"
"Running Make libs in microblaze_0/libsrc/gpio_v4_3/src"
make -C microblaze_0/libsrc/gpio_v4_3/src -s libs  "SHELL=CMD" "COMPILER=mb-gcc" "ARCHIVER=mb-ar" "COMPILER_FLAGS=  -O2 -c -mcpu=v11.0 -mlittle-endian -mxl-soft-mul" "EXTRA_COMPILER_FLAGS=-ffunction-sections -fdata-sections -Wall -Wextra"
"Compiling gpio"
"Running Make libs in microblaze_0/libsrc/intc_v3_8/src"
make -C microblaze_0/libsrc/intc_v3_8/src -s libs  "SHELL=CMD" "COMPILER=mb-gcc" "ARCHIVER=mb-ar" "COMPILER_FLAGS=  -O2 -c -mcpu=v11.0 -mlittle-endian -mxl-soft-mul" "EXTRA_COMPILER_FLAGS=-ffunction-sections -fdata-sections -Wall -Wextra"
"Compiling intc"
"Running Make libs in microblaze_0/libsrc/standalone_v6_8/src"
make -C microblaze_0/libsrc/standalone_v6_8/src -s libs  "SHELL=CMD" "COMPILER=mb-gcc" "ARCHIVER=mb-ar" "COMPILER_FLAGS=  -O2 -c -mcpu=v11.0 -mlittle-endian -mxl-soft-mul" "EXTRA_COMPILER_FLAGS=-ffunction-sections -fdata-sections -Wall -Wextra"
"Compiling standalone";
microblaze_sleep.c:77:9: note: #pragma message: For the sleep routines, assembly instructions are used
 #pragma message ("For the sleep routines, assembly instructions are used")
         ^~~~~~~
"Running Make libs in microblaze_0/libsrc/uartlite_v3_2/src"
make -C microblaze_0/libsrc/uartlite_v3_2/src -s libs  "SHELL=CMD" "COMPILER=mb-gcc" "ARCHIVER=mb-ar" "COMPILER_FLAGS=  -O2 -c -mcpu=v11.0 -mlittle-endian -mxl-soft-mul" "EXTRA_COMPILER_FLAGS=-ffunction-sections -fdata-sections -Wall -Wextra"
"Compiling uartlite"
'Finished building libraries'
02:25:53 **** Build of configuration Debug for project test_bluetooth_graphic ****
make all 
'Building file: ../src/helloworld.c'
'Invoking: MicroBlaze gcc compiler'
mb-gcc -Wall -O0 -g3 -c -fmessage-length=0 -MT"src/helloworld.o" -I../../test_bluetooth_graphic_bsp/microblaze_0/include -mlittle-endian -mcpu=v11.0 -mxl-soft-mul -Wl,--no-relax -ffunction-sections -fdata-sections -MMD -MP -MF"src/helloworld.d" -MT"src/helloworld.o" -o "src/helloworld.o" "../src/helloworld.c"
'Finished building: ../src/helloworld.c'
' '
'Building file: ../src/platform.c'
'Invoking: MicroBlaze gcc compiler'
mb-gcc -Wall -O0 -g3 -c -fmessage-length=0 -MT"src/platform.o" -I../../test_bluetooth_graphic_bsp/microblaze_0/include -mlittle-endian -mcpu=v11.0 -mxl-soft-mul -Wl,--no-relax -ffunction-sections -fdata-sections -MMD -MP -MF"src/platform.d" -MT"src/platform.o" -o "src/platform.o" "../src/platform.c"
'Finished building: ../src/platform.c'
' '
'Building target: test_bluetooth_graphic.elf'
'Invoking: MicroBlaze gcc linker'
mb-gcc -Wl,-T -Wl,../src/lscript.ld -L../../test_bluetooth_graphic_bsp/microblaze_0/lib -mlittle-endian -mcpu=v11.0 -mxl-soft-mul -Wl,--no-relax -Wl,--gc-sections -o "test_bluetooth_graphic.elf"  ./src/helloworld.o ./src/platform.o   -Wl,--start-group,-lxil,-lgcc,-lc,--end-group
'Finished building target: test_bluetooth_graphic.elf'
' '
'Invoking: MicroBlaze Print Size'
mb-size test_bluetooth_graphic.elf  |tee "test_bluetooth_graphic.elf.size"
   text	   data	    bss	    dec	    hex	filename
   6936	    328	   3104	  10368	   2880	test_bluetooth_graphic.elf
'Finished building: test_bluetooth_graphic.elf.size'
' '
02:26:32 **** Auto Build of configuration Debug for project test_bluetooth_graphic ****
make all 
'Building file: ../src/helloworld.c'
'Invoking: MicroBlaze gcc compiler'
mb-gcc -Wall -O0 -g3 -c -fmessage-length=0 -MT"src/helloworld.o" -I../../test_bluetooth_graphic_bsp/microblaze_0/include -mlittle-endian -mcpu=v11.0 -mxl-soft-mul -Wl,--no-relax -ffunction-sections -fdata-sections -MMD -MP -MF"src/helloworld.d" -MT"src/helloworld.o" -o "src/helloworld.o" "../src/helloworld.c"
../src/helloworld.c: In function 'main':
../src/helloworld.c:69:25: error: 'but' undeclared (first use in this function)
   curr_button_state = (*but) & 0x001F; // Get the least significant 5 bits
                         ^~~
../src/helloworld.c:69:25: note: each undeclared identifier is reported only once for each function it appears in
../src/helloworld.c:73:35: error: 'BNTC_handler' undeclared (first use in this function)
   void (*button_callback[5])() = {BNTC_handler, BNTU_handler, BNTL_handler, BNTR_handler, BNTD_handler};
                                   ^~~~~~~~~~~~
../src/helloworld.c:73:49: error: 'BNTU_handler' undeclared (first use in this function); did you mean 'BNTC_handler'?
   void (*button_callback[5])() = {BNTC_handler, BNTU_handler, BNTL_handler, BNTR_handler, BNTD_handler};
                                                 ^~~~~~~~~~~~
                                                 BNTC_handler
../src/helloworld.c:73:63: error: 'BNTL_handler' undeclared (first use in this function); did you mean 'BNTU_handler'?
   void (*button_callback[5])() = {BNTC_handler, BNTU_handler, BNTL_handler, BNTR_handler, BNTD_handler};
                                                               ^~~~~~~~~~~~
                                                               BNTU_handler
../src/helloworld.c:73:77: error: 'BNTR_handler' undeclared (first use in this function); did you mean 'BNTL_handler'?
   void (*button_callback[5])() = {BNTC_handler, BNTU_handler, BNTL_handler, BNTR_handler, BNTD_handler};
                                                                             ^~~~~~~~~~~~
                                                                             BNTL_handler
../src/helloworld.c:73:91: error: 'BNTD_handler' undeclared (first use in this function); did you mean 'BNTR_handler'?
   void (*button_callback[5])() = {BNTC_handler, BNTU_handler, BNTL_handler, BNTR_handler, BNTD_handler};
                                                                                           ^~~~~~~~~~~~
                                                                                           BNTR_handler
make: *** [src/subdir.mk:26: src/helloworld.o] Error 1
02:26:58 **** Auto Build of configuration Debug for project test_bluetooth_graphic ****
make all 
'Building file: ../src/helloworld.c'
'Invoking: MicroBlaze gcc compiler'
mb-gcc -Wall -O0 -g3 -c -fmessage-length=0 -MT"src/helloworld.o" -I../../test_bluetooth_graphic_bsp/microblaze_0/include -mlittle-endian -mcpu=v11.0 -mxl-soft-mul -Wl,--no-relax -ffunction-sections -fdata-sections -MMD -MP -MF"src/helloworld.d" -MT"src/helloworld.o" -o "src/helloworld.o" "../src/helloworld.c"
../src/helloworld.c: In function 'main':
../src/helloworld.c:75:35: error: 'BNTC_handler' undeclared (first use in this function)
   void (*button_callback[5])() = {BNTC_handler, BNTU_handler, BNTL_handler, BNTR_handler, BNTD_handler};
                                   ^~~~~~~~~~~~
../src/helloworld.c:75:35: note: each undeclared identifier is reported only once for each function it appears in
../src/helloworld.c:75:49: error: 'BNTU_handler' undeclared (first use in this function); did you mean 'BNTC_handler'?
   void (*button_callback[5])() = {BNTC_handler, BNTU_handler, BNTL_handler, BNTR_handler, BNTD_handler};
                                                 ^~~~~~~~~~~~
                                                 BNTC_handler
../src/helloworld.c:75:63: error: 'BNTL_handler' undeclared (first use in this function); did you mean 'BNTU_handler'?
   void (*button_callback[5])() = {BNTC_handler, BNTU_handler, BNTL_handler, BNTR_handler, BNTD_handler};
                                                               ^~~~~~~~~~~~
                                                               BNTU_handler
../src/helloworld.c:75:77: error: 'BNTR_handler' undeclared (first use in this function); did you mean 'BNTL_handler'?
   void (*button_callback[5])() = {BNTC_handler, BNTU_handler, BNTL_handler, BNTR_handler, BNTD_handler};
                                                                             ^~~~~~~~~~~~
                                                                             BNTL_handler
../src/helloworld.c:75:91: error: 'BNTD_handler' undeclared (first use in this function); did you mean 'BNTR_handler'?
   void (*button_callback[5])() = {BNTC_handler, BNTU_handler, BNTL_handler, BNTR_handler, BNTD_handler};
                                                                                           ^~~~~~~~~~~~
                                                                                           BNTR_handler
make: *** [src/subdir.mk:26: src/helloworld.o] Error 1
02:27:00 **** Auto Build of configuration Debug for project test_bluetooth_graphic ****
make all 
'Building file: ../src/helloworld.c'
'Invoking: MicroBlaze gcc compiler'
mb-gcc -Wall -O0 -g3 -c -fmessage-length=0 -MT"src/helloworld.o" -I../../test_bluetooth_graphic_bsp/microblaze_0/include -mlittle-endian -mcpu=v11.0 -mxl-soft-mul -Wl,--no-relax -ffunction-sections -fdata-sections -MMD -MP -MF"src/helloworld.d" -MT"src/helloworld.o" -o "src/helloworld.o" "../src/helloworld.c"
../src/helloworld.c: In function 'main':
../src/helloworld.c:76:35: error: 'BNTC_handler' undeclared (first use in this function)
   void (*button_callback[5])() = {BNTC_handler, BNTU_handler, BNTL_handler, BNTR_handler, BNTD_handler};
                                   ^~~~~~~~~~~~
../src/helloworld.c:76:35: note: each undeclared identifier is reported only once for each function it appears in
../src/helloworld.c:76:49: error: 'BNTU_handler' undeclared (first use in this function); did you mean 'BNTC_handler'?
   void (*button_callback[5])() = {BNTC_handler, BNTU_handler, BNTL_handler, BNTR_handler, BNTD_handler};
                                                 ^~~~~~~~~~~~
                                                 BNTC_handler
../src/helloworld.c:76:63: error: 'BNTL_handler' undeclared (first use in this function); did you mean 'BNTU_handler'?
   void (*button_callback[5])() = {BNTC_handler, BNTU_handler, BNTL_handler, BNTR_handler, BNTD_handler};
[...]
'Finished building target: test_bt_v2.elf'
' '
'Invoking: MicroBlaze Print Size'
mb-size test_bt_v2.elf  |tee "test_bt_v2.elf.size"
   text	   data	    bss	    dec	    hex	filename
  97136	   1540	   3452	 102128	  18ef0	test_bt_v2.elf
'Finished building: test_bt_v2.elf.size'
' '
18:51:15 **** Incremental Build of configuration Debug for project test_bt_v2 ****
make all 
make: Nothing to be done for 'all'.
18:51:38 **** Incremental Build of configuration Debug for project test_bt_v2 ****
make all 
make: Nothing to be done for 'all'.
15:30:53 **** Incremental Build of configuration Debug for project test_bt_v2 ****
make all 
make: Nothing to be done for 'all'.
15:32:32 **** Auto Build of configuration Debug for project test_bt_v2 ****
make all 
'Building file: ../src/helloworld.c'
'Invoking: MicroBlaze gcc compiler'
mb-gcc -Wall -O0 -g3 -c -fmessage-length=0 -MT"src/helloworld.o" -I../../test_bt_v2_bsp/microblaze_0/include -mlittle-endian -mcpu=v11.0 -mxl-soft-mul -Wl,--no-relax -ffunction-sections -fdata-sections -MMD -MP -MF"src/helloworld.d" -MT"src/helloworld.o" -o "src/helloworld.o" "../src/helloworld.c"
'Finished building: ../src/helloworld.c'
' '
'Building target: test_bt_v2.elf'
'Invoking: MicroBlaze gcc linker'
mb-gcc -Wl,-T -Wl,../src/lscript.ld -L../../test_bt_v2_bsp/microblaze_0/lib -mlittle-endian -mcpu=v11.0 -mxl-soft-mul -Wl,--no-relax -Wl,--gc-sections -o "test_bt_v2.elf"  ./src/helloworld.o ./src/platform.o   -Wl,--start-group,-lxil,-lgcc,-lc,--end-group
'Finished building target: test_bt_v2.elf'
' '
'Invoking: MicroBlaze Print Size'
mb-size test_bt_v2.elf  |tee "test_bt_v2.elf.size"
   text	   data	    bss	    dec	    hex	filename
  97148	   1540	   3456	 102144	  18f00	test_bt_v2.elf
'Finished building: test_bt_v2.elf.size'
' '
15:32:44 **** Incremental Build of configuration Debug for project test_bt_v2 ****
make all 
make: Nothing to be done for 'all'.
15:33:23 **** Incremental Build of configuration Debug for project test_bt_v2 ****
make all 
make: Nothing to be done for 'all'.
15:37:18 **** Auto Build of configuration Debug for project test_bt_v2 ****
make all 
'Building file: ../src/helloworld.c'
'Invoking: MicroBlaze gcc compiler'
mb-gcc -Wall -O0 -g3 -c -fmessage-length=0 -MT"src/helloworld.o" -I../../test_bt_v2_bsp/microblaze_0/include -mlittle-endian -mcpu=v11.0 -mxl-soft-mul -Wl,--no-relax -ffunction-sections -fdata-sections -MMD -MP -MF"src/helloworld.d" -MT"src/helloworld.o" -o "src/helloworld.o" "../src/helloworld.c"
'Finished building: ../src/helloworld.c'
' '
'Building target: test_bt_v2.elf'
'Invoking: MicroBlaze gcc linker'
mb-gcc -Wl,-T -Wl,../src/lscript.ld -L../../test_bt_v2_bsp/microblaze_0/lib -mlittle-endian -mcpu=v11.0 -mxl-soft-mul -Wl,--no-relax -Wl,--gc-sections -o "test_bt_v2.elf"  ./src/helloworld.o ./src/platform.o   -Wl,--start-group,-lxil,-lgcc,-lc,--end-group
'Finished building target: test_bt_v2.elf'
' '
'Invoking: MicroBlaze Print Size'
mb-size test_bt_v2.elf  |tee "test_bt_v2.elf.size"
   text	   data	    bss	    dec	    hex	filename
  97136	   1540	   3452	 102128	  18ef0	test_bt_v2.elf
'Finished building: test_bt_v2.elf.size'
' '
15:37:56 **** Incremental Build of configuration Debug for project test_bt_v2 ****
make all 
make: Nothing to be done for 'all'.
15:39:31 **** Incremental Build of configuration Debug for project test_bt_v2 ****
make all 
make: Nothing to be done for 'all'.
15:40:10 **** Incremental Build of configuration Debug for project test_bt_v2 ****
make all 
make: Nothing to be done for 'all'.
15:41:09 **** Incremental Build of configuration Debug for project test_bt_v2 ****
make all 
make: Nothing to be done for 'all'.
15:41:51 **** Incremental Build of configuration Debug for project test_bt_v2 ****
make all 
make: Nothing to be done for 'all'.
15:42:37 **** Auto Build of configuration Debug for project test_bt_v2 ****
make all 
'Building file: ../src/helloworld.c'
'Invoking: MicroBlaze gcc compiler'
mb-gcc -Wall -O0 -g3 -c -fmessage-length=0 -MT"src/helloworld.o" -I../../test_bt_v2_bsp/microblaze_0/include -mlittle-endian -mcpu=v11.0 -mxl-soft-mul -Wl,--no-relax -ffunction-sections -fdata-sections -MMD -MP -MF"src/helloworld.d" -MT"src/helloworld.o" -o "src/helloworld.o" "../src/helloworld.c"
'Finished building: ../src/helloworld.c'
' '
'Building target: test_bt_v2.elf'
'Invoking: MicroBlaze gcc linker'
mb-gcc -Wl,-T -Wl,../src/lscript.ld -L../../test_bt_v2_bsp/microblaze_0/lib -mlittle-endian -mcpu=v11.0 -mxl-soft-mul -Wl,--no-relax -Wl,--gc-sections -o "test_bt_v2.elf"  ./src/helloworld.o ./src/platform.o   -Wl,--start-group,-lxil,-lgcc,-lc,--end-group
'Finished building target: test_bt_v2.elf'
' '
'Invoking: MicroBlaze Print Size'
mb-size test_bt_v2.elf  |tee "test_bt_v2.elf.size"
   text	   data	    bss	    dec	    hex	filename
  91680	   1536	   3448	  96664	  17998	test_bt_v2.elf
'Finished building: test_bt_v2.elf.size'
' '
15:42:42 **** Incremental Build of configuration Debug for project test_bt_v2 ****
make all 
make: Nothing to be done for 'all'.
15:43:20 **** Incremental Build of configuration Debug for project test_bt_v2 ****
make all 
make: Nothing to be done for 'all'.
15:45:22 **** Auto Build of configuration Debug for project test_bt_v2 ****
make all 
'Building file: ../src/helloworld.c'
'Invoking: MicroBlaze gcc compiler'
mb-gcc -Wall -O0 -g3 -c -fmessage-length=0 -MT"src/helloworld.o" -I../../test_bt_v2_bsp/microblaze_0/include -mlittle-endian -mcpu=v11.0 -mxl-soft-mul -Wl,--no-relax -ffunction-sections -fdata-sections -MMD -MP -MF"src/helloworld.d" -MT"src/helloworld.o" -o "src/helloworld.o" "../src/helloworld.c"
'Finished building: ../src/helloworld.c'
' '
'Building target: test_bt_v2.elf'
'Invoking: MicroBlaze gcc linker'
mb-gcc -Wl,-T -Wl,../src/lscript.ld -L../../test_bt_v2_bsp/microblaze_0/lib -mlittle-endian -mcpu=v11.0 -mxl-soft-mul -Wl,--no-relax -Wl,--gc-sections -o "test_bt_v2.elf"  ./src/helloworld.o ./src/platform.o   -Wl,--start-group,-lxil,-lgcc,-lc,--end-group
'Finished building target: test_bt_v2.elf'
' '
'Invoking: MicroBlaze Print Size'
mb-size test_bt_v2.elf  |tee "test_bt_v2.elf.size"
   text	   data	    bss	    dec	    hex	filename
  91704	   1536	   3448	  96688	  179b0	test_bt_v2.elf
'Finished building: test_bt_v2.elf.size'
' '
15:45:26 **** Auto Build of configuration Debug for project test_bt_v2 ****
make all 
'Building file: ../src/helloworld.c'
'Invoking: MicroBlaze gcc compiler'
mb-gcc -Wall -O0 -g3 -c -fmessage-length=0 -MT"src/helloworld.o" -I../../test_bt_v2_bsp/microblaze_0/include -mlittle-endian -mcpu=v11.0 -mxl-soft-mul -Wl,--no-relax -ffunction-sections -fdata-sections -MMD -MP -MF"src/helloworld.d" -MT"src/helloworld.o" -o "src/helloworld.o" "../src/helloworld.c"
'Finished building: ../src/helloworld.c'
' '
'Building target: test_bt_v2.elf'
'Invoking: MicroBlaze gcc linker'
mb-gcc -Wl,-T -Wl,../src/lscript.ld -L../../test_bt_v2_bsp/microblaze_0/lib -mlittle-endian -mcpu=v11.0 -mxl-soft-mul -Wl,--no-relax -Wl,--gc-sections -o "test_bt_v2.elf"  ./src/helloworld.o ./src/platform.o   -Wl,--start-group,-lxil,-lgcc,-lc,--end-group
'Finished building target: test_bt_v2.elf'
' '
'Invoking: MicroBlaze Print Size'
mb-size test_bt_v2.elf  |tee "test_bt_v2.elf.size"
   text	   data	    bss	    dec	    hex	filename
  91716	   1536	   3452	  96704	  179c0	test_bt_v2.elf
'Finished building: test_bt_v2.elf.size'
' '
15:45:35 **** Auto Build of configuration Debug for project test_bt_v2 ****
make all 
'Building file: ../src/helloworld.c'
'Invoking: MicroBlaze gcc compiler'
mb-gcc -Wall -O0 -g3 -c -fmessage-length=0 -MT"src/helloworld.o" -I../../test_bt_v2_bsp/microblaze_0/include -mlittle-endian -mcpu=v11.0 -mxl-soft-mul -Wl,--no-relax -ffunction-sections -fdata-sections -MMD -MP -MF"src/helloworld.d" -MT"src/helloworld.o" -o "src/helloworld.o" "../src/helloworld.c"
'Finished building: ../src/helloworld.c'
' '
'Building target: test_bt_v2.elf'
'Invoking: MicroBlaze gcc linker'
mb-gcc -Wl,-T -Wl,../src/lscript.ld -L../../test_bt_v2_bsp/microblaze_0/lib -mlittle-endian -mcpu=v11.0 -mxl-soft-mul -Wl,--no-relax -Wl,--gc-sections -o "test_bt_v2.elf"  ./src/helloworld.o ./src/platform.o   -Wl,--start-group,-lxil,-lgcc,-lc,--end-group
'Finished building target: test_bt_v2.elf'
' '
'Invoking: MicroBlaze Print Size'
mb-size test_bt_v2.elf  |tee "test_bt_v2.elf.size"
   text	   data	    bss	    dec	    hex	filename
  91716	   1536	   3452	  96704	  179c0	test_bt_v2.elf
'Finished building: test_bt_v2.elf.size'
' '
15:46:03 **** Auto Build of configuration Debug for project test_bt_v2 ****
make all 
'Building file: ../src/helloworld.c'
'Invoking: MicroBlaze gcc compiler'
mb-gcc -Wall -O0 -g3 -c -fmessage-length=0 -MT"src/helloworld.o" -I../../test_bt_v2_bsp/microblaze_0/include -mlittle-endian -mcpu=v11.0 -mxl-soft-mul -Wl,--no-relax -ffunction-sections -fdata-sections -MMD -MP -MF"src/helloworld.d" -MT"src/helloworld.o" -o "src/helloworld.o" "../src/helloworld.c"
'Finished building: ../src/helloworld.c'
' '
'Building target: test_bt_v2.elf'
'Invoking: MicroBlaze gcc linker'
mb-gcc -Wl,-T -Wl,../src/lscript.ld -L../../test_bt_v2_bsp/microblaze_0/lib -mlittle-endian -mcpu=v11.0 -mxl-soft-mul -Wl,--no-relax -Wl,--gc-sections -o "test_bt_v2.elf"  ./src/helloworld.o ./src/platform.o   -Wl,--start-group,-lxil,-lgcc,-lc,--end-group
'Finished building target: test_bt_v2.elf'
' '
'Invoking: MicroBlaze Print Size'
mb-size test_bt_v2.elf  |tee "test_bt_v2.elf.size"
   text	   data	    bss	    dec	    hex	filename
  97248	   1540	   3452	 102240	  18f60	test_bt_v2.elf
'Finished building: test_bt_v2.elf.size'
' '
15:46:09 **** Incremental Build of configuration Debug for project test_bt_v2 ****
make all 
make: Nothing to be done for 'all'.
15:47:38 **** Auto Build of configuration Debug for project test_bt_v2 ****
make all 
'Building file: ../src/helloworld.c'
'Invoking: MicroBlaze gcc compiler'
mb-gcc -Wall -O0 -g3 -c -fmessage-length=0 -MT"src/helloworld.o" -I../../test_bt_v2_bsp/microblaze_0/include -mlittle-endian -mcpu=v11.0 -mxl-soft-mul -Wl,--no-relax -ffunction-sections -fdata-sections -MMD -MP -MF"src/helloworld.d" -MT"src/helloworld.o" -o "src/helloworld.o" "../src/helloworld.c"
'Finished building: ../src/helloworld.c'
' '
'Building target: test_bt_v2.elf'
'Invoking: MicroBlaze gcc linker'
mb-gcc -Wl,-T -Wl,../src/lscript.ld -L../../test_bt_v2_bsp/microblaze_0/lib -mlittle-endian -mcpu=v11.0 -mxl-soft-mul -Wl,--no-relax -Wl,--gc-sections -o "test_bt_v2.elf"  ./src/helloworld.o ./src/platform.o   -Wl,--start-group,-lxil,-lgcc,-lc,--end-group
'Finished building target: test_bt_v2.elf'
' '
'Invoking: MicroBlaze Print Size'
mb-size test_bt_v2.elf  |tee "test_bt_v2.elf.size"
   text	   data	    bss	    dec	    hex	filename
  97344	   1540	   3452	 102336	  18fc0	test_bt_v2.elf
'Finished building: test_bt_v2.elf.size'
' '
15:47:41 **** Incremental Build of configuration Debug for project test_bt_v2 ****
make all 
make: Nothing to be done for 'all'.
15:48:57 **** Incremental Build of configuration Debug for project test_bt_v2 ****
make all 
make: Nothing to be done for 'all'.
15:49:50 **** Incremental Build of configuration Debug for project test_bt_v2 ****
make all 
make: Nothing to be done for 'all'.
15:50:42 **** Incremental Build of configuration Debug for project test_bt_v2 ****
make all 
make: Nothing to be done for 'all'.
15:51:55 **** Auto Build of configuration Debug for project test_bt_v2 ****
make all 
'Building file: ../src/helloworld.c'
'Invoking: MicroBlaze gcc compiler'
mb-gcc -Wall -O0 -g3 -c -fmessage-length=0 -MT"src/helloworld.o" -I../../test_bt_v2_bsp/microblaze_0/include -mlittle-endian -mcpu=v11.0 -mxl-soft-mul -Wl,--no-relax -ffunction-sections -fdata-sections -MMD -MP -MF"src/helloworld.d" -MT"src/helloworld.o" -o "src/helloworld.o" "../src/helloworld.c"
'Finished building: ../src/helloworld.c'
' '
'Building target: test_bt_v2.elf'
'Invoking: MicroBlaze gcc linker'
mb-gcc -Wl,-T -Wl,../src/lscript.ld -L../../test_bt_v2_bsp/microblaze_0/lib -mlittle-endian -mcpu=v11.0 -mxl-soft-mul -Wl,--no-relax -Wl,--gc-sections -o "test_bt_v2.elf"  ./src/helloworld.o ./src/platform.o   -Wl,--start-group,-lxil,-lgcc,-lc,--end-group
'Finished building target: test_bt_v2.elf'
' '
'Invoking: MicroBlaze Print Size'
mb-size test_bt_v2.elf  |tee "test_bt_v2.elf.size"
   text	   data	    bss	    dec	    hex	filename
  97356	   1540	   3456	 102352	  18fd0	test_bt_v2.elf
'Finished building: test_bt_v2.elf.size'
' '
15:53:57 **** Incremental Build of configuration Debug for project test_bt_v2 ****
make all 
make: Nothing to be done for 'all'.
15:54:11 **** Incremental Build of configuration Debug for project test_bt_v2 ****
make all 
make: Nothing to be done for 'all'.
15:57:37 **** Incremental Build of configuration Debug for project test_bt_v2 ****
make all 
make: Nothing to be done for 'all'.
15:57:55 **** Incremental Build of configuration Debug for project test_bt_v2 ****
make all 
make: Nothing to be done for 'all'.
15:59:00 **** Incremental Build of configuration Debug for project test_bt_v2 ****
make all 
make: Nothing to be done for 'all'.
16:03:48 **** Incremental Build of configuration Debug for project test_bt_v2 ****
make all 
make: Nothing to be done for 'all'.
16:08:26 **** Incremental Build of configuration Debug for project test_bt_v2 ****
make all 
make: Nothing to be done for 'all'.
16:31:02 **** Incremental Build of configuration Debug for project test_bt_v2 ****
make all 
make: Nothing to be done for 'all'.
16:31:52 **** Incremental Build of configuration Debug for project test_bt_v2 ****
make all 
make: Nothing to be done for 'all'.
16:34:06 **** Incremental Build of configuration Debug for project test_bt_v2 ****
make all 
make: Nothing to be done for 'all'.
16:35:25 **** Incremental Build of configuration Debug for project test_bt_v2 ****
make all 
make: Nothing to be done for 'all'.
16:36:55 **** Incremental Build of configuration Debug for project test_bt_v2 ****
make all 
make: Nothing to be done for 'all'.
16:37:27 **** Incremental Build of configuration Debug for project test_bt_v2 ****
make all 
make: Nothing to be done for 'all'.
16:45:21 **** Incremental Build of configuration Debug for project test_bt_v2 ****
make all 
make: Nothing to be done for 'all'.
16:45:38 **** Auto Build of configuration Debug for project test_bt_v2 ****
make all 
'Building file: ../src/helloworld.c'
'Invoking: MicroBlaze gcc compiler'
mb-gcc -Wall -O0 -g3 -c -fmessage-length=0 -MT"src/helloworld.o" -I../../test_bt_v2_bsp/microblaze_0/include -mlittle-endian -mcpu=v11.0 -mxl-soft-mul -Wl,--no-relax -ffunction-sections -fdata-sections -MMD -MP -MF"src/helloworld.d" -MT"src/helloworld.o" -o "src/helloworld.o" "../src/helloworld.c"
'Finished building: ../src/helloworld.c'
' '
'Building target: test_bt_v2.elf'
'Invoking: MicroBlaze gcc linker'
mb-gcc -Wl,-T -Wl,../src/lscript.ld -L../../test_bt_v2_bsp/microblaze_0/lib -mlittle-endian -mcpu=v11.0 -mxl-soft-mul -Wl,--no-relax -Wl,--gc-sections -o "test_bt_v2.elf"  ./src/helloworld.o ./src/platform.o   -Wl,--start-group,-lxil,-lgcc,-lc,--end-group
'Finished building target: test_bt_v2.elf'
' '
'Invoking: MicroBlaze Print Size'
mb-size test_bt_v2.elf  |tee "test_bt_v2.elf.size"
   text	   data	    bss	    dec	    hex	filename
  97368	   1540	   3452	 102360	  18fd8	test_bt_v2.elf
'Finished building: test_bt_v2.elf.size'
' '
16:45:44 **** Incremental Build of configuration Debug for project test_bt_v2 ****
make all 
make: Nothing to be done for 'all'.
16:47:28 **** Auto Build of configuration Debug for project test_bt_v2 ****
make all 
'Building file: ../src/helloworld.c'
'Invoking: MicroBlaze gcc compiler'
mb-gcc -Wall -O0 -g3 -c -fmessage-length=0 -MT"src/helloworld.o" -I../../test_bt_v2_bsp/microblaze_0/include -mlittle-endian -mcpu=v11.0 -mxl-soft-mul -Wl,--no-relax -ffunction-sections -fdata-sections -MMD -MP -MF"src/helloworld.d" -MT"src/helloworld.o" -o "src/helloworld.o" "../src/helloworld.c"
'Finished building: ../src/helloworld.c'
' '
'Building target: test_bt_v2.elf'
'Invoking: MicroBlaze gcc linker'
mb-gcc -Wl,-T -Wl,../src/lscript.ld -L../../test_bt_v2_bsp/microblaze_0/lib -mlittle-endian -mcpu=v11.0 -mxl-soft-mul -Wl,--no-relax -Wl,--gc-sections -o "test_bt_v2.elf"  ./src/helloworld.o ./src/platform.o   -Wl,--start-group,-lxil,-lgcc,-lc,--end-group
'Finished building target: test_bt_v2.elf'
' '
'Invoking: MicroBlaze Print Size'
mb-size test_bt_v2.elf  |tee "test_bt_v2.elf.size"
   text	   data	    bss	    dec	    hex	filename
  97428	   1540	   3456	 102424	  19018	test_bt_v2.elf
'Finished building: test_bt_v2.elf.size'
' '
16:47:40 **** Incremental Build of configuration Debug for project test_bt_v2 ****
make all 
make: Nothing to be done for 'all'.
08:17:45 **** Incremental Build of configuration Debug for project test_bt_v2 ****
make all 
make: Nothing to be done for 'all'.
08:24:19 **** Auto Build of configuration Debug for project test_bt_v2 ****
make all 
'Building file: ../src/helloworld.c'
'Invoking: MicroBlaze gcc compiler'
mb-gcc -Wall -O0 -g3 -c -fmessage-length=0 -MT"src/helloworld.o" -I../../test_bt_v2_bsp/microblaze_0/include -mlittle-endian -mcpu=v11.0 -mxl-soft-mul -Wl,--no-relax -ffunction-sections -fdata-sections -MMD -MP -MF"src/helloworld.d" -MT"src/helloworld.o" -o "src/helloworld.o" "../src/helloworld.c"
'Finished building: ../src/helloworld.c'
' '
'Building target: test_bt_v2.elf'
'Invoking: MicroBlaze gcc linker'
mb-gcc -Wl,-T -Wl,../src/lscript.ld -L../../test_bt_v2_bsp/microblaze_0/lib -mlittle-endian -mcpu=v11.0 -mxl-soft-mul -Wl,--no-relax -Wl,--gc-sections -o "test_bt_v2.elf"  ./src/helloworld.o ./src/platform.o   -Wl,--start-group,-lxil,-lgcc,-lc,--end-group
'Finished building target: test_bt_v2.elf'
' '
'Invoking: MicroBlaze Print Size'
mb-size test_bt_v2.elf  |tee "test_bt_v2.elf.size"
   text	   data	    bss	    dec	    hex	filename
  97356	   1540	   3456	 102352	  18fd0	test_bt_v2.elf
'Finished building: test_bt_v2.elf.size'
' '
08:24:57 **** Incremental Build of configuration Debug for project test_bt_v2 ****
make all 
make: Nothing to be done for 'all'.
08:26:36 **** Auto Build of configuration Debug for project test_bt_v2 ****
make all 
'Building file: ../src/helloworld.c'
'Invoking: MicroBlaze gcc compiler'
mb-gcc -Wall -O0 -g3 -c -fmessage-length=0 -MT"src/helloworld.o" -I../../test_bt_v2_bsp/microblaze_0/include -mlittle-endian -mcpu=v11.0 -mxl-soft-mul -Wl,--no-relax -ffunction-sections -fdata-sections -MMD -MP -MF"src/helloworld.d" -MT"src/helloworld.o" -o "src/helloworld.o" "../src/helloworld.c"
'Finished building: ../src/helloworld.c'
' '
'Building target: test_bt_v2.elf'
'Invoking: MicroBlaze gcc linker'
mb-gcc -Wl,-T -Wl,../src/lscript.ld -L../../test_bt_v2_bsp/microblaze_0/lib -mlittle-endian -mcpu=v11.0 -mxl-soft-mul -Wl,--no-relax -Wl,--gc-sections -o "test_bt_v2.elf"  ./src/helloworld.o ./src/platform.o   -Wl,--start-group,-lxil,-lgcc,-lc,--end-group
'Finished building target: test_bt_v2.elf'
' '
'Invoking: MicroBlaze Print Size'
mb-size test_bt_v2.elf  |tee "test_bt_v2.elf.size"
   text	   data	    bss	    dec	    hex	filename
  97136	   1540	   3452	 102128	  18ef0	test_bt_v2.elf
'Finished building: test_bt_v2.elf.size'
' '
08:26:39 **** Incremental Build of configuration Debug for project test_bt_v2 ****
make all 
make: Nothing to be done for 'all'.
08:28:12 **** Incremental Build of configuration Debug for project test_bt_v2 ****
make all 
make: Nothing to be done for 'all'.
09:00:19 **** Incremental Build of configuration Debug for project test_bt_v2 ****
make all 
make: Nothing to be done for 'all'.
09:09:36 **** Incremental Build of configuration Debug for project test_bt_v2 ****
make all 
make: Nothing to be done for 'all'.
09:10:27 **** Incremental Build of configuration Debug for project test_bt_v2 ****
make all 
make: Nothing to be done for 'all'.
